Component: Arm Compiler for Embedded 6.21 Tool: armlink [5ec1fa00]

==============================================================================

Section Cross References

    pll.o(.ARM.exidx.text.PLL_Init) refers to pll.o(.text.PLL_Init) for [Anonymous Symbol]
    systick.o(.ARM.exidx.text.SysTick_Init) refers to systick.o(.text.SysTick_Init) for [Anonymous Symbol]
    systick.o(.ARM.exidx.text.SysTick_Wait) refers to systick.o(.text.SysTick_Wait) for [Anonymous Symbol]
    systick.o(.text.SysTick_Wait10ms) refers to systick.o(.text.SysTick_Wait) for SysTick_Wait
    systick.o(.ARM.exidx.text.SysTick_Wait10ms) refers to systick.o(.text.SysTick_Wait10ms) for [Anonymous Symbol]
    systick.o(.text.SysTick_Wait1ms) refers to systick.o(.text.SysTick_Wait) for SysTick_Wait
    systick.o(.ARM.exidx.text.SysTick_Wait1ms) refers to systick.o(.text.SysTick_Wait1ms) for [Anonymous Symbol]
    systick.o(.text.SysTick_Wait1us) refers to systick.o(.text.SysTick_Wait) for SysTick_Wait
    systick.o(.ARM.exidx.text.SysTick_Wait1us) refers to systick.o(.text.SysTick_Wait1us) for [Anonymous Symbol]
    vl53l1_platform_2dx4.o(.ARM.exidx.text.beginTxI2C) refers to vl53l1_platform_2dx4.o(.text.beginTxI2C) for [Anonymous Symbol]
    vl53l1_platform_2dx4.o(.text.writeRegisterIndex) refers to onboardleds.o(.text.FlashI2CTx) for FlashI2CTx
    vl53l1_platform_2dx4.o(.text.writeRegisterIndex) refers to onboardleds.o(.text.FlashI2CError) for FlashI2CError
    vl53l1_platform_2dx4.o(.ARM.exidx.text.writeRegisterIndex) refers to vl53l1_platform_2dx4.o(.text.writeRegisterIndex) for [Anonymous Symbol]
    vl53l1_platform_2dx4.o(.text.writeRegisterIndex_nostop) refers to onboardleds.o(.text.FlashI2CTx) for FlashI2CTx
    vl53l1_platform_2dx4.o(.text.writeRegisterIndex_nostop) refers to onboardleds.o(.text.FlashI2CError) for FlashI2CError
    vl53l1_platform_2dx4.o(.ARM.exidx.text.writeRegisterIndex_nostop) refers to vl53l1_platform_2dx4.o(.text.writeRegisterIndex_nostop) for [Anonymous Symbol]
    vl53l1_platform_2dx4.o(.text.writeI2C) refers to onboardleds.o(.text.FlashI2CTx) for FlashI2CTx
    vl53l1_platform_2dx4.o(.text.writeI2C) refers to onboardleds.o(.text.FlashI2CError) for FlashI2CError
    vl53l1_platform_2dx4.o(.ARM.exidx.text.writeI2C) refers to vl53l1_platform_2dx4.o(.text.writeI2C) for [Anonymous Symbol]
    vl53l1_platform_2dx4.o(.ARM.exidx.text.beginRxI2C) refers to vl53l1_platform_2dx4.o(.text.beginRxI2C) for [Anonymous Symbol]
    vl53l1_platform_2dx4.o(.text.readI2C) refers to onboardleds.o(.text.FlashI2CRx) for FlashI2CRx
    vl53l1_platform_2dx4.o(.text.readI2C) refers to onboardleds.o(.text.FlashI2CError) for FlashI2CError
    vl53l1_platform_2dx4.o(.ARM.exidx.text.readI2C) refers to vl53l1_platform_2dx4.o(.text.readI2C) for [Anonymous Symbol]
    vl53l1_platform_2dx4.o(.text.VL53L1_WriteMulti) refers to vl53l1_platform_2dx4.o(.text.beginTxI2C) for beginTxI2C
    vl53l1_platform_2dx4.o(.text.VL53L1_WriteMulti) refers to vl53l1_platform_2dx4.o(.text.writeRegisterIndex) for writeRegisterIndex
    vl53l1_platform_2dx4.o(.text.VL53L1_WriteMulti) refers to vl53l1_platform_2dx4.o(.text.writeI2C) for writeI2C
    vl53l1_platform_2dx4.o(.ARM.exidx.text.VL53L1_WriteMulti) refers to vl53l1_platform_2dx4.o(.text.VL53L1_WriteMulti) for [Anonymous Symbol]
    vl53l1_platform_2dx4.o(.text.VL53L1_ReadMulti) refers to vl53l1_platform_2dx4.o(.text.beginTxI2C) for beginTxI2C
    vl53l1_platform_2dx4.o(.text.VL53L1_ReadMulti) refers to vl53l1_platform_2dx4.o(.text.writeRegisterIndex) for writeRegisterIndex
    vl53l1_platform_2dx4.o(.text.VL53L1_ReadMulti) refers to vl53l1_platform_2dx4.o(.text.beginRxI2C) for beginRxI2C
    vl53l1_platform_2dx4.o(.text.VL53L1_ReadMulti) refers to vl53l1_platform_2dx4.o(.text.readI2C) for readI2C
    vl53l1_platform_2dx4.o(.ARM.exidx.text.VL53L1_ReadMulti) refers to vl53l1_platform_2dx4.o(.text.VL53L1_ReadMulti) for [Anonymous Symbol]
    vl53l1_platform_2dx4.o(.text.VL53L1_WrByte) refers to vl53l1_platform_2dx4.o(.text.beginTxI2C) for beginTxI2C
    vl53l1_platform_2dx4.o(.text.VL53L1_WrByte) refers to vl53l1_platform_2dx4.o(.text.writeRegisterIndex_nostop) for writeRegisterIndex_nostop
    vl53l1_platform_2dx4.o(.text.VL53L1_WrByte) refers to vl53l1_platform_2dx4.o(.text.writeI2C) for writeI2C
    vl53l1_platform_2dx4.o(.ARM.exidx.text.VL53L1_WrByte) refers to vl53l1_platform_2dx4.o(.text.VL53L1_WrByte) for [Anonymous Symbol]
    vl53l1_platform_2dx4.o(.text.VL53L1_WrWord) refers to vl53l1_platform_2dx4.o(.text.beginTxI2C) for beginTxI2C
    vl53l1_platform_2dx4.o(.text.VL53L1_WrWord) refers to vl53l1_platform_2dx4.o(.text.writeRegisterIndex) for writeRegisterIndex
    vl53l1_platform_2dx4.o(.text.VL53L1_WrWord) refers to vl53l1_platform_2dx4.o(.text.writeI2C) for writeI2C
    vl53l1_platform_2dx4.o(.ARM.exidx.text.VL53L1_WrWord) refers to vl53l1_platform_2dx4.o(.text.VL53L1_WrWord) for [Anonymous Symbol]
[...]
    .ARM.Collect$$libinit$$00000015          0x00000344   Section        0  libinit2.o(.ARM.Collect$$libinit$$00000015)
    .ARM.Collect$$libinit$$00000017          0x00000344   Section        0  libinit2.o(.ARM.Collect$$libinit$$00000017)
    .ARM.Collect$$libinit$$00000018          0x00000344   Section       10  libinit2.o(.ARM.Collect$$libinit$$00000018)
    .ARM.Collect$$libinit$$00000019          0x0000034e   Section        0  libinit2.o(.ARM.Collect$$libinit$$00000019)
    .ARM.Collect$$libinit$$0000001B          0x0000034e   Section        0  libinit2.o(.ARM.Collect$$libinit$$0000001B)
    .ARM.Collect$$libinit$$0000001D          0x0000034e   Section        0  libinit2.o(.ARM.Collect$$libinit$$0000001D)
    .ARM.Collect$$libinit$$0000001F          0x0000034e   Section        0  libinit2.o(.ARM.Collect$$libinit$$0000001F)
    .ARM.Collect$$libinit$$00000021          0x0000034e   Section        0  libinit2.o(.ARM.Collect$$libinit$$00000021)
    .ARM.Collect$$libinit$$00000023          0x0000034e   Section        0  libinit2.o(.ARM.Collect$$libinit$$00000023)
    .ARM.Collect$$libinit$$00000025          0x0000034e   Section        0  libinit2.o(.ARM.Collect$$libinit$$00000025)
    .ARM.Collect$$libinit$$00000027          0x0000034e   Section        0  libinit2.o(.ARM.Collect$$libinit$$00000027)
    .ARM.Collect$$libinit$$0000002E          0x0000034e   Section        0  libinit2.o(.ARM.Collect$$libinit$$0000002E)
    .ARM.Collect$$libinit$$00000030          0x0000034e   Section        0  libinit2.o(.ARM.Collect$$libinit$$00000030)
    .ARM.Collect$$libinit$$00000032          0x0000034e   Section        0  libinit2.o(.ARM.Collect$$libinit$$00000032)
    .ARM.Collect$$libinit$$00000034          0x0000034e   Section        0  libinit2.o(.ARM.Collect$$libinit$$00000034)
    .ARM.Collect$$libinit$$00000035          0x0000034e   Section        2  libinit2.o(.ARM.Collect$$libinit$$00000035)
    .ARM.Collect$$libshutdown$$00000000      0x00000350   Section        2  libshutdown.o(.ARM.Collect$$libshutdown$$00000000)
    .ARM.Collect$$libshutdown$$00000002      0x00000352   Section        0  libshutdown2.o(.ARM.Collect$$libshutdown$$00000002)
    .ARM.Collect$$libshutdown$$00000004      0x00000352   Section        0  libshutdown2.o(.ARM.Collect$$libshutdown$$00000004)
    .ARM.Collect$$libshutdown$$00000007      0x00000352   Section        0  libshutdown2.o(.ARM.Collect$$libshutdown$$00000007)
    .ARM.Collect$$libshutdown$$0000000A      0x00000352   Section        0  libshutdown2.o(.ARM.Collect$$libshutdown$$0000000A)
    .ARM.Collect$$libshutdown$$0000000C      0x00000352   Section        0  libshutdown2.o(.ARM.Collect$$libshutdown$$0000000C)
    .ARM.Collect$$libshutdown$$0000000F      0x00000352   Section        0  libshutdown2.o(.ARM.Collect$$libshutdown$$0000000F)
    .ARM.Collect$$libshutdown$$00000010      0x00000352   Section        2  libshutdown2.o(.ARM.Collect$$libshutdown$$00000010)
    .ARM.Collect$$rtentry$$00000000          0x00000354   Section        0  __rtentry.o(.ARM.Collect$$rtentry$$00000000)
    .ARM.Collect$$rtentry$$00000002          0x00000354   Section        0  __rtentry2.o(.ARM.Collect$$rtentry$$00000002)
    .ARM.Collect$$rtentry$$00000004          0x00000354   Section        6  __rtentry4.o(.ARM.Collect$$rtentry$$00000004)
    .ARM.Collect$$rtentry$$00000009          0x0000035a   Section        0  __rtentry2.o(.ARM.Collect$$rtentry$$00000009)
    .ARM.Collect$$rtentry$$0000000A          0x0000035a   Section        4  __rtentry2.o(.ARM.Collect$$rtentry$$0000000A)
    .ARM.Collect$$rtentry$$0000000C          0x0000035e   Section        0  __rtentry2.o(.ARM.Collect$$rtentry$$0000000C)
    .ARM.Collect$$rtentry$$0000000D          0x0000035e   Section        8  __rtentry2.o(.ARM.Collect$$rtentry$$0000000D)
    .ARM.Collect$$rtexit$$00000000           0x00000366   Section        2  rtexit.o(.ARM.Collect$$rtexit$$00000000)
    .ARM.Collect$$rtexit$$00000002           0x00000368   Section        0  rtexit2.o(.ARM.Collect$$rtexit$$00000002)
    .ARM.Collect$$rtexit$$00000003           0x00000368   Section        4  rtexit2.o(.ARM.Collect$$rtexit$$00000003)
    .ARM.Collect$$rtexit$$00000004           0x0000036c   Section        6  rtexit2.o(.ARM.Collect$$rtexit$$00000004)
    $v0                                      0x00000374   Number         0  startup_msp432e401y_uvision.o(.text)
    .text                                    0x00000374   Section       60  startup_msp432e401y_uvision.o(.text)
    .text                                    0x000003b0   Section        0  sprintf.o(.text)
    .text                                    0x000003dc   Section        0  heapauxi.o(.text)
    .text                                    0x000003e2   Section        0  _printf_pad.o(.text)
    .text                                    0x00000430   Section        0  _printf_truncate.o(.text)
    .text                                    0x00000454   Section        0  _printf_str.o(.text)
    .text                                    0x000004a8   Section        0  _printf_dec.o(.text)
    .text                                    0x00000520   Section        0  _printf_charcount.o(.text)
    _printf_input_char                       0x00000549   Thumb Code    10  _printf_char_common.o(.text)
    .text                                    0x00000548   Section        0  _printf_char_common.o(.text)
    .text                                    0x00000578   Section        0  _sputc.o(.text)
    .text                                    0x00000584   Section        0  _printf_wctomb.o(.text)
    .text                                    0x00000640   Section        0  _printf_longlong_dec.o(.text)
    _printf_longlong_oct_internal            0x000006bd   Thumb Code     0  _printf_oct_int_ll.o(.text)
    .text                                    0x000006bc   Section        0  _printf_oct_int_ll.o(.text)
    _printf_hex_common                       0x0000072d   Thumb Code     0  _printf_hex_int_ll_ptr.o(.text)
    .text                                    0x0000072c   Section        0  _printf_hex_int_ll_ptr.o(.text)
    .text                                    0x000007c0   Section        0  __printf_flags_ss_wp.o(.text)
    .text                                    0x00000948   Section      138  lludiv10.o(.text)
    .text                                    0x000009d2   Section        0  _printf_intcommon.o(.text)
    _fp_digits                               0x00000a85   Thumb Code   432  _printf_fp_dec.o(.text)
    .text                                    0x00000a84   Section        0  _printf_fp_dec.o(.text)
    .text                                    0x00000ea0   Section        0  _printf_fp_hex.o(.text)
    .text                                    0x0000119c   Section        0  _printf_char.o(.text)
    .text                                    0x000011c8   Section        0  _printf_wchar.o(.text)
    .text                                    0x000011f4   Section        0  _c16rtomb.o(.text)
    .text                                    0x0000123c   Section       74  sys_stackheap_outer.o(.text)
    .text                                    0x00001288   Section       16  rt_ctype_table.o(.text)
    .text                                    0x00001298   Section        8  rt_locale_intlibspace.o(.text)
    .text                                    0x000012a0   Section        0  _printf_fp_infnan.o(.text)
    .text                                    0x00001320   Section        0  bigflt0.o(.text)
    .text                                    0x00001404   Section        0  exit.o(.text)
    .text                                    0x00001418   Section        8  libspace.o(.text)
    .text                                    0x00001420   Section      124  strcmpv7em.o(.text)
    .text                                    0x0000149c   Section        0  sys_exit.o(.text)
    .text                                    0x000014a8   Section        2  use_no_semi.o(.text)
    .text                                    0x000014aa   Section        0  indicate_semi.o(.text)
    [Anonymous Symbol]                       0x000014ac   Section        0  steppermotor.o(.text.DutyCycleForward)
    [Anonymous Symbol]                       0x000014f0   Section        0  steppermotor.o(.text.DutyCycleReverse)
    [Anonymous Symbol]                       0x00001534   Section        0  onboardbutton.o(.text.EnableInt)
    [Anonymous Symbol]                       0x00001538   Section        0  onboardbutton.o(.text.ExternalButton_Init)
    [Anonymous Symbol]                       0x00001628   Section        0  onboardleds.o(.text.FlashAllLEDs)
    [Anonymous Symbol]                       0x00001678   Section        0  onboardleds.o(.text.FlashI2CError)
    [Anonymous Symbol]                       0x00001694   Section        0  onboardleds.o(.text.FlashI2CRx)
    [Anonymous Symbol]                       0x000016a0   Section        0  onboardleds.o(.text.FlashI2CTx)
    [Anonymous Symbol]                       0x000016ac   Section        0  onboardleds.o(.text.FlashLED3)
    [Anonymous Symbol]                       0x000016f0   Section        0  onboardleds.o(.text.FlashLED4)
    [Anonymous Symbol]                       0x00001734   Section        0  onboardbutton.o(.text.GPIOJ_IRQHandler)
    [Anonymous Symbol]                       0x00001780   Section        0  i2cinit.o(.text.I2C_Init)
    [Anonymous Symbol]                       0x00001814   Section        0  pll.o(.text.PLL_Init)
    [Anonymous Symbol]                       0x00001950   Section        0  steppermotor.o(.text.PortH_Init)
    [Anonymous Symbol]                       0x000019b8   Section        0  uart.o(.text.Status_Check)
    [Anonymous Symbol]                       0x00001a04   Section        0  systick.o(.text.SysTick_Init)
    [Anonymous Symbol]                       0x00001a30   Section        0  systick.o(.text.SysTick_Wait)
    [Anonymous Symbol]                       0x00001a68   Section        0  systick.o(.text.SysTick_Wait10ms)
    [Anonymous Symbol]                       0x00001a98   Section        0  systick.o(.text.SysTick_Wait1ms)
    [Anonymous Symbol]                       0x00001ac8   Section        0  systick.o(.text.SysTick_Wait1us)
    [Anonymous Symbol]                       0x00001af4   Section        0  system_msp432e401y.o(.text.SystemInit)
    [Anonymous Symbol]                       0x00001b18   Section        0  uart.o(.text.UART_Init)
    [Anonymous Symbol]                       0x00001c04   Section        0  uart.o(.text.UART_OutChar)
    [Anonymous Symbol]                       0x00001c34   Section        0  uart.o(.text.UART_printf)
    [Anonymous Symbol]                       0x00001c60   Section        0  vl53l1x_api.o(.text.VL53L1X_BootState)
    [Anonymous Symbol]                       0x00001c98   Section        0  vl53l1x_api.o(.text.VL53L1X_CheckForDataReady)
    [Anonymous Symbol]                       0x00001d00   Section        0  vl53l1x_api.o(.text.VL53L1X_ClearInterrupt)
    [Anonymous Symbol]                       0x00001d28   Section        0  vl53l1x_api.o(.text.VL53L1X_GetDistance)
    [Anonymous Symbol]                       0x00001d58   Section        0  vl53l1x_api.o(.text.VL53L1X_GetInterruptPolarity)
    [Anonymous Symbol]                       0x00001da0   Section        0  vl53l1x_api.o(.text.VL53L1X_GetRangeStatus)
    [Anonymous Symbol]                       0x00001dfc   Section        0  vl53l1x_api.o(.text.VL53L1X_GetSensorId)
    [Anonymous Symbol]                       0x00001e34   Section        0  vl53l1x_api.o(.text.VL53L1X_SensorInit)
    [Anonymous Symbol]                       0x00001f60   Section        0  vl53l1x_api.o(.text.VL53L1X_StartRanging)
    [Anonymous Symbol]                       0x00001f88   Section        0  vl53l1x_api.o(.text.VL53L1X_StopRanging)
    [Anonymous Symbol]                       0x00001fac   Section        0  vl53l1_platform_2dx4.o(.text.VL53L1_RdByte)
    [Anonymous Symbol]                       0x00001fe0   Section        0  vl53l1_platform_2dx4.o(.text.VL53L1_RdWord)
    [Anonymous Symbol]                       0x0000202c   Section        0  vl53l1_platform_2dx4.o(.text.VL53L1_WaitMs)
    [Anonymous Symbol]                       0x0000205c   Section        0  vl53l1_platform_2dx4.o(.text.VL53L1_WrByte)
    [Anonymous Symbol]                       0x0000208c   Section        0  vl53l1_platform_2dx4.o(.text.beginRxI2C)
    [Anonymous Symbol]                       0x000020b0   Section        0  vl53l1_platform_2dx4.o(.text.beginTxI2C)
    [Anonymous Symbol]                       0x000020d4   Section        0  phana11_final_project.o(.text.main)
    [Anonymous Symbol]                       0x0000246c   Section        0  onboardleds.o(.text.onboardLEDs_Init)
    [Anonymous Symbol]                       0x00002540   Section        0  vl53l1_platform_2dx4.o(.text.readI2C)
    [Anonymous Symbol]                       0x000025b4   Section        0  steppermotor.o(.text.rotate)
    [Anonymous Symbol]                       0x00002618   Section        0  vl53l1_platform_2dx4.o(.text.writeI2C)
    [Anonymous Symbol]                       0x0000271c   Section        0  vl53l1_platform_2dx4.o(.text.writeRegisterIndex)
    [Anonymous Symbol]                       0x000027fc   Section        0  vl53l1_platform_2dx4.o(.text.writeRegisterIndex_nostop)
    CL$$btod_d2e                             0x000028dc   Section       62  btod.o(CL$$btod_d2e)
    CL$$btod_d2e_denorm_low                  0x0000291a   Section       70  btod.o(CL$$btod_d2e_denorm_low)
    CL$$btod_d2e_norm_op1                    0x00002960   Section       96  btod.o(CL$$btod_d2e_norm_op1)
    CL$$btod_div_common                      0x000029c0   Section      824  btod.o(CL$$btod_div_common)
    CL$$btod_e2e                             0x00002cf8   Section      220  btod.o(CL$$btod_e2e)
    CL$$btod_ediv                            0x00002dd4   Section       42  btod.o(CL$$btod_ediv)
    CL$$btod_emul                            0x00002dfe   Section       42  btod.o(CL$$btod_emul)
    CL$$btod_mult_common                     0x00002e28   Section      580  btod.o(CL$$btod_mult_common)
    i.__ARM_fpclassify                       0x0000306c   Section        0  fpclassify.o(i.__ARM_fpclassify)
    i._is_digit                              0x0000309c   Section        0  __printf_wp.o(i._is_digit)
    locale$$code                             0x000030ac   Section       44  lc_numeric_c.o(locale$$code)
    locale$$code                             0x000030d8   Section       44  lc_ctype_c.o(locale$$code)
    $v0                                      0x00003104   Number         0  fpinit.o(x$fpl$fpinit)
    x$fpl$fpinit                             0x00003104   Section       26  fpinit.o(x$fpl$fpinit)
    $v0                                      0x0000311e   Number         0  printf1.o(x$fpl$printf1)
    x$fpl$printf1                            0x0000311e   Section        4  printf1.o(x$fpl$printf1)
    $v0                                      0x00003122   Number         0  printf2.o(x$fpl$printf2)
    x$fpl$printf2                            0x00003122   Section        4  printf2.o(x$fpl$printf2)
    x$fpl$usenofp                            0x00003126   Section        0  usenofp.o(x$fpl$usenofp)
    initial_mbstate                          0x00003128   Data           8  _printf_wctomb.o(.constdata)
    .constdata                               0x00003128   Section        8  _printf_wctomb.o(.constdata)
    uc_hextab                                0x00003130   Data          20  _printf_hex_int_ll_ptr.o(.constdata)
    .constdata                               0x00003130   Section       40  _printf_hex_int_ll_ptr.o(.constdata)
    lc_hextab                                0x00003144   Data          20  _printf_hex_int_ll_ptr.o(.constdata)
    maptable                                 0x00003158   Data          17  __printf_flags_ss_wp.o(.constdata)
    .constdata                               0x00003158   Section       17  __printf_flags_ss_wp.o(.constdata)
    lc_hextab                                0x00003169   Data          19  _printf_fp_hex.o(.constdata)
    .constdata                               0x00003169   Section       38  _printf_fp_hex.o(.constdata)
    uc_hextab                                0x0000317c   Data          19  _printf_fp_hex.o(.constdata)
    tenpwrs_x                                0x00003190   Data          60  bigflt0.o(.constdata)
    .constdata                               0x00003190   Section      148  bigflt0.o(.constdata)
    tenpwrs_i                                0x000031cc   Data          64  bigflt0.o(.constdata)
    status_rtn                               0x0000327f   Data          24  vl53l1x_api.o(.rodata.status_rtn)
    [Anonymous Symbol]                       0x0000327f   Section        0  vl53l1x_api.o(.rodata.status_rtn)
    .L.str.2                                 0x00003297   Data          29  vl53l1x_api.o(.rodata.str1.1)
    [Anonymous Symbol]                       0x00003297   Section        0  vl53l1x_api.o(.rodata.str1.1)
    .L.str.1                                 0x000032b4   Data          13  vl53l1x_api.o(.rodata.str1.1)
    .L.str.7                                 0x000032b4   Data          13  vl53l1x_api.o(.rodata.str1.1)
    .L.str                                   0x000032c1   Data          22  vl53l1x_api.o(.rodata.str1.1)
    .L.str                                   0x000032d7   Data          20  uart.o(.rodata.str1.1)
    [Anonymous Symbol]                       0x000032d7   Section        0  uart.o(.rodata.str1.1)
    .L.str.1                                 0x000032eb   Data          15  uart.o(.rodata.str1.1)
    .L.str.3                                 0x000032fa   Data          19  phana11_final_project.o(.rodata.str1.1)
    [Anonymous Symbol]                       0x000032fa   Section        0  phana11_final_project.o(.rodata.str1.1)
    .L.str.4                                 0x0000330d   Data          16  phana11_final_project.o(.rodata.str1.1)
    .L.str.1                                 0x0000331d   Data          20  phana11_final_project.o(.rodata.str1.1)
    .L.str.6                                 0x00003331   Data          43  phana11_final_project.o(.rodata.str1.1)
    .L.str.9                                 0x0000335c   Data          69  phana11_final_project.o(.rodata.str1.1)
    .L.str                                   0x000033a1   Data          17  phana11_final_project.o(.rodata.str1.1)
    .L.str.8                                 0x000033b2   Data           5  phana11_final_project.o(.rodata.str1.1)
    .L.str.2                                 0x000033b7   Data          35  phana11_final_project.o(.rodata.str1.1)
    .L.str.5                                 0x000033da   Data          11  phana11_final_project.o(.rodata.str1.1)
    locale$$data                             0x00003408   Section       28  lc_numeric_c.o(locale$$data)
    __lcnum_c_name                           0x0000340c   Data           2  lc_numeric_c.o(locale$$data)
    __lcnum_c_start                          0x00003414   Data           0  lc_numeric_c.o(locale$$data)
    __lcnum_c_point                          0x00003420   Data           0  lc_numeric_c.o(locale$$data)
    __lcnum_c_thousands                      0x00003422   Data           0  lc_numeric_c.o(locale$$data)
    __lcnum_c_grouping                       0x00003423   Data           0  lc_numeric_c.o(locale$$data)
    __lcnum_c_end                            0x00003424   Data           0  lc_numeric_c.o(locale$$data)
    locale$$data                             0x00003424   Section      272  lc_ctype_c.o(locale$$data)
    __lcctype_c_name                         0x00003428   Data           2  lc_ctype_c.o(locale$$data)
    __lcctype_c_start                        0x00003430   Data           0  lc_ctype_c.o(locale$$data)
    __lcctype_c_end                          0x00003534   Data           0  lc_ctype_c.o(locale$$data)
    .bss                                     0x20000008   Section       96  libspace.o(.bss)
    printf_buffer                            0x20000468   Data        1023  uart.o(.bss.printf_buffer)
    [Anonymous Symbol]                       0x20000468   Section        0  uart.o(.bss.printf_buffer)
    printf_buffer                            0x20000867   Data        1023  phana11_final_project.o(.bss.printf_buffer)
    [Anonymous Symbol]                       0x20000867   Section        0  phana11_final_project.o(.bss.printf_buffer)
    Heap_Mem                                 0x20000c70   Data           0  startup_msp432e401y_uvision.o(HEAP)
    Stack_Mem                                0x20000c70   Data         512  startup_msp432e401y_uvision.o(STACK)
    HEAP                                     0x20000c70   Section        0  startup_msp432e401y_uvision.o(HEAP)
    STACK                                    0x20000c70   Section      512  startup_msp432e401y_uvision.o(STACK)
    __initial_sp                             0x20000e70   Data           0  startup_msp432e401y_uvision.o(STACK)

    Global Symbols

    Symbol Name                              Value     Ov Type        Size  Object(Section)

    BuildAttributes$$THM_ISAv4$E$P$D$K$B$S$7EM$VFPi3$EXTD16$VFPS$VFMA$PE$A:L22UL41UL21$X:L11$S22US41US21$IEEE1$IW$~IW$USESV6$~STKCKD$USESV7$~SHL$OTIME$ROPI$IEEEJ$EBA8$UX$STANDARDLIB$REQ8$PRES8$EABIv2 0x00000000   Number         0  anon$$obj.o ABSOLUTE
    __Vectors                                0x00000000   Data           4  startup_msp432e401y_uvision.o(RESET)
    _printf_flags                            0x00000000   Number         0  printf_stubs.o ABSOLUTE
    _printf_return_value                     0x00000000   Number         0  printf_stubs.o ABSOLUTE
    _printf_sizespec                         0x00000000   Number         0  printf_stubs.o ABSOLUTE
    _printf_widthprec                        0x00000000   Number         0  printf_stubs.o ABSOLUTE
    __ARM_exceptions_init                     - Undefined Weak Reference
    __alloca_initialize                       - Undefined Weak Reference
    __arm_preinit_                            - Undefined Weak Reference
    __arm_relocate_pie_                       - Undefined Weak Reference
    __cpp_initialize__aeabi_                  - Undefined Weak Reference
    __cxa_finalize                            - Undefined Weak Reference
    __sigvec_lookup                           - Undefined Weak Reference
    _atexit_init                              - Undefined Weak Reference
    _call_atexit_fns                          - Undefined Weak Reference
    _clock_init                               - Undefined Weak Reference
    _fp_trap_init                             - Undefined Weak Reference
    _fp_trap_shutdown                         - Undefined Weak Reference
    _get_lc_collate                           - Undefined Weak Reference
    _get_lc_monetary                          - Undefined Weak Reference
    _get_lc_time                              - Undefined Weak Reference
    _getenv_init                              - Undefined Weak Reference
    _handle_redirection                       - Undefined Weak Reference
    _init_alloc                               - Undefined Weak Reference
    _init_user_alloc                          - Undefined Weak Reference
    _initio                                   - Undefined Weak Reference
    _printf_mbtowc                            - Undefined Weak Reference
    _printf_wc                                - Undefined Weak Reference
    _rand_init                                - Undefined Weak Reference
    _signal_finish                            - Undefined Weak Reference
    _signal_init                              - Undefined Weak Reference
    _terminate_alloc                          - Undefined Weak Reference
    _terminate_user_alloc                     - Undefined Weak Reference
    _terminateio                              - Undefined Weak Reference
    __Vectors_End                            0x000001fc   Data           0  startup_msp432e401y_uvision.o(RESET)
    __Vectors_Size                           0x000001fc   Number         0  startup_msp432e401y_uvision.o ABSOLUTE
    __main                                   0x000001fd   Thumb Code     8  __main.o(!!!main)
    __scatterload                            0x00000205   Thumb Code     0  __scatter.o(!!!scatter)
    __scatterload_rt2                        0x00000205   Thumb Code    84  __scatter.o(!!!scatter)
    __scatterload_rt2_thumb_only             0x00000205   Thumb Code     0  __scatter.o(!!!scatter)
    __scatterload_loop                       0x0000020f   Thumb Code     0  __scatter.o(!!!scatter)
    __scatterload_copy                       0x00000261   Thumb Code    26  __scatter_copy.o(!!handler_copy)
    __scatterload_null                       0x0000027d   Thumb Code     2  __scatter.o(!!handler_null)
    __scatterload_zeroinit                   0x00000281   Thumb Code    28  __scatter_zi.o(!!handler_zi)
    _printf_n                                0x0000029d   Thumb Code     0  _printf_n.o(.ARM.Collect$$_printf_percent$$00000001)
    _printf_percent                          0x0000029d   Thumb Code     0  _printf_percent.o(.ARM.Collect$$_printf_percent$$00000000)
    _printf_p                                0x000002a3   Thumb Code     0  _printf_p.o(.ARM.Collect$$_printf_percent$$00000002)
    _printf_f                                0x000002a9   Thumb Code     0  _printf_f.o(.ARM.Collect$$_printf_percent$$00000003)
    _printf_e                                0x000002af   Thumb Code     0  _printf_e.o(.ARM.Collect$$_printf_percent$$00000004)
    _printf_g                                0x000002b5   Thumb Code     0  _printf_g.o(.ARM.Collect$$_printf_percent$$00000005)
    _printf_a                                0x000002bb   Thumb Code     0  _printf_a.o(.ARM.Collect$$_printf_percent$$00000006)
    _printf_ll                               0x000002c1   Thumb Code     0  _printf_ll.o(.ARM.Collect$$_printf_percent$$00000007)
    _printf_i                                0x000002cb   Thumb Code     0  _printf_i.o(.ARM.Collect$$_printf_percent$$00000008)
    _printf_d                                0x000002d1   Thumb Code     0  _printf_d.o(.ARM.Collect$$_printf_percent$$00000009)
    _printf_u                                0x000002d7   Thumb Code     0  _printf_u.o(.ARM.Collect$$_printf_percent$$0000000A)
    _printf_o                                0x000002dd   Thumb Code     0  _printf_o.o(.ARM.Collect$$_printf_percent$$0000000B)
    _printf_x                                0x000002e3   Thumb Code     0  _printf_x.o(.ARM.Collect$$_printf_percent$$0000000C)
    _printf_lli                              0x000002e9   Thumb Code     0  _printf_lli.o(.ARM.Collect$$_printf_percent$$0000000D)
    _printf_lld                              0x000002ef   Thumb Code     0  _printf_lld.o(.ARM.Collect$$_printf_percent$$0000000E)
    _printf_llu                              0x000002f5   Thumb Code     0  _printf_llu.o(.ARM.Collect$$_printf_percent$$0000000F)
    _printf_llo                              0x000002fb   Thumb Code     0  _printf_llo.o(.ARM.Collect$$_printf_percent$$00000010)
    _printf_llx                              0x00000301   Thumb Code     0  _printf_llx.o(.ARM.Collect$$_printf_percent$$00000011)
    _printf_l                                0x00000307   Thumb Code     0  _printf_l.o(.ARM.Collect$$_printf_percent$$00000012)
    _printf_c                                0x00000311   Thumb Code     0  _printf_c.o(.ARM.Collect$$_printf_percent$$00000013)
    _printf_s                                0x00000317   Thumb Code     0  _printf_s.o(.ARM.Collect$$_printf_percent$$00000014)
    _printf_lc                               0x0000031d   Thumb Code     0  _printf_lc.o(.ARM.Collect$$_printf_percent$$00000015)
    _printf_ls                               0x00000323   Thumb Code     0  _printf_ls.o(.ARM.Collect$$_printf_percent$$00000016)
    _printf_percent_end                      0x00000329   Thumb Code     0  _printf_percent_end.o(.ARM.Collect$$_printf_percent$$00000017)
    __rt_lib_init                            0x0000032d   Thumb Code     0  libinit.o(.ARM.Collect$$libinit$$00000000)
    __rt_lib_init_fp_1                       0x0000032f   Thumb Code     0  libinit2.o(.ARM.Collect$$libinit$$00000001)
    __rt_lib_init_heap_1                     0x00000333   Thumb Code     0  libinit2.o(.ARM.Collect$$libinit$$0000000C)
    __rt_lib_init_lc_common                  0x00000333   Thumb Code     0  libinit2.o(.ARM.Collect$$libinit$$00000011)
    __rt_lib_init_preinit_1                  0x00000333   Thumb Code     0  libinit2.o(.ARM.Collect$$libinit$$00000006)
    __rt_lib_init_rand_1                     0x00000333   Thumb Code     0  libinit2.o(.ARM.Collect$$libinit$$00000010)
    __rt_lib_init_relocate_pie_1             0x00000333   Thumb Code     0  libinit2.o(.ARM.Collect$$libinit$$00000004)
    __rt_lib_init_user_alloc_1               0x00000333   Thumb Code     0  libinit2.o(.ARM.Collect$$libinit$$0000000E)
    __rt_lib_init_lc_collate_1               0x00000339   Thumb Code     0  libinit2.o(.ARM.Collect$$libinit$$00000013)
    __rt_lib_init_lc_ctype_2                 0x00000339   Thumb Code     0  libinit2.o(.ARM.Collect$$libinit$$00000014)
    __rt_lib_init_lc_ctype_1                 0x00000345   Thumb Code     0  libinit2.o(.ARM.Collect$$libinit$$00000015)
    __rt_lib_init_lc_monetary_1              0x00000345   Thumb Code     0  libinit2.o(.ARM.Collect$$libinit$$00000017)
    __rt_lib_init_lc_numeric_2               0x00000345   Thumb Code     0  libinit2.o(.ARM.Collect$$libinit$$00000018)
    __rt_lib_init_alloca_1                   0x0000034f   Thumb Code     0  libinit2.o(.ARM.Collect$$libinit$$00000030)
    __rt_lib_init_argv_1                     0x0000034f   Thumb Code     0  libinit2.o(.ARM.Collect$$libinit$$0000002E)
    __rt_lib_init_atexit_1                   0x0000034f   Thumb Code     0  libinit2.o(.ARM.Collect$$libinit$$0000001D)
    __rt_lib_init_clock_1                    0x0000034f   Thumb Code     0  libinit2.o(.ARM.Collect$$libinit$$00000023)
    __rt_lib_init_cpp_1                      0x0000034f   Thumb Code     0  libinit2.o(.ARM.Collect$$libinit$$00000034)
    __rt_lib_init_exceptions_1               0x0000034f   Thumb Code     0  libinit2.o(.ARM.Collect$$libinit$$00000032)
    __rt_lib_init_fp_trap_1                  0x0000034f   Thumb Code     0  libinit2.o(.ARM.Collect$$libinit$$00000021)
    __rt_lib_init_getenv_1                   0x0000034f   Thumb Code     0  libinit2.o(.ARM.Collect$$libinit$$00000025)
    __rt_lib_init_lc_numeric_1               0x0000034f   Thumb Code     0  libinit2.o(.ARM.Collect$$libinit$$00000019)
    __rt_lib_init_lc_time_1                  0x0000034f   Thumb Code     0  libinit2.o(.ARM.Collect$$libinit$$0000001B)
    __rt_lib_init_return                     0x0000034f   Thumb Code     0  libinit2.o(.ARM.Collect$$libinit$$00000035)
    __rt_lib_init_signal_1                   0x0000034f   Thumb Code     0  libinit2.o(.ARM.Collect$$libinit$$0000001F)
    __rt_lib_init_stdio_1                    0x0000034f   Thumb Code     0  libinit2.o(.ARM.Collect$$libinit$$00000027)
    __rt_lib_shutdown                        0x00000351   Thumb Code     0  libshutdown.o(.ARM.Collect$$libshutdown$$00000000)
    __rt_lib_shutdown_cpp_1                  0x00000353   Thumb Code     0  libshutdown2.o(.ARM.Collect$$libshutdown$$00000002)
    __rt_lib_shutdown_fp_trap_1              0x00000353   Thumb Code     0  libshutdown2.o(.ARM.Collect$$libshutdown$$00000007)
    __rt_lib_shutdown_heap_1                 0x00000353   Thumb Code     0  libshutdown2.o(.ARM.Collect$$libshutdown$$0000000F)
    __rt_lib_shutdown_return                 0x00000353   Thumb Code     0  libshutdown2.o(.ARM.Collect$$libshutdown$$00000010)
    __rt_lib_shutdown_signal_1               0x00000353   Thumb Code     0  libshutdown2.o(.ARM.Collect$$libshutdown$$0000000A)
    __rt_lib_shutdown_stdio_1                0x00000353   Thumb Code     0  libshutdown2.o(.ARM.Collect$$libshutdown$$00000004)
    __rt_lib_shutdown_user_alloc_1           0x00000353   Thumb Code     0  libshutdown2.o(.ARM.Collect$$libshutdown$$0000000C)
    __rt_entry                               0x00000355   Thumb Code     0  __rtentry.o(.ARM.Collect$$rtentry$$00000000)
    __rt_entry_presh_1                       0x00000355   Thumb Code     0  __rtentry2.o(.ARM.Collect$$rtentry$$00000002)
    __rt_entry_sh                            0x00000355   Thumb Code     0  __rtentry4.o(.ARM.Collect$$rtentry$$00000004)
    __rt_entry_li                            0x0000035b   Thumb Code     0  __rtentry2.o(.ARM.Collect$$rtentry$$0000000A)
    __rt_entry_postsh_1                      0x0000035b   Thumb Code     0  __rtentry2.o(.ARM.Collect$$rtentry$$00000009)
    __rt_entry_main                          0x0000035f   Thumb Code     0  __rtentry2.o(.ARM.Collect$$rtentry$$0000000D)
    __rt_entry_postli_1                      0x0000035f   Thumb Code     0  __rtentry2.o(.ARM.Collect$$rtentry$$0000000C)
    __rt_exit                                0x00000367   Thumb Code     0  rtexit.o(.ARM.Collect$$rtexit$$00000000)
    __rt_exit_ls                             0x00000369   Thumb Code     0  rtexit2.o(.ARM.Collect$$rtexit$$00000003)
    __rt_exit_prels_1                        0x00000369   Thumb Code     0  rtexit2.o(.ARM.Collect$$rtexit$$00000002)
    __rt_exit_exit                           0x0000036d   Thumb Code     0  rtexit2.o(.ARM.Collect$$rtexit$$00000004)
    Reset_Handler                            0x00000375   Thumb Code     8  startup_msp432e401y_uvision.o(.text)
    NMI_Handler                              0x0000037d   Thumb Code     2  startup_msp432e401y_uvision.o(.text)
    HardFault_Handler                        0x0000037f   Thumb Code     2  startup_msp432e401y_uvision.o(.text)
    MemManage_Handler                        0x00000381   Thumb Code     2  startup_msp432e401y_uvision.o(.text)
    BusFault_Handler                         0x00000383   Thumb Code     2  startup_msp432e401y_uvision.o(.text)
    UsageFault_Handler                       0x00000385   Thumb Code     2  startup_msp432e401y_uvision.o(.text)
    SVC_Handler                              0x00000387   Thumb Code     2  startup_msp432e401y_uvision.o(.text)
    DebugMon_Handler                         0x00000389   Thumb Code     2  startup_msp432e401y_uvision.o(.text)
    PendSV_Handler                           0x0000038b   Thumb Code     2  startup_msp432e401y_uvision.o(.text)
    SysTick_Handler                          0x0000038d   Thumb Code     2  startup_msp432e401y_uvision.o(.text)
    ADC0SS0_IRQHandler                       0x0000038f   Thumb Code     0  startup_msp432e401y_uvision.o(.text)
    ADC0SS1_IRQHandler                       0x0000038f   Thumb Code     0  startup_msp432e401y_uvision.o(.text)
    ADC0SS2_IRQHandler                       0x0000038f   Thumb Code     0  startup_msp432e401y_uvision.o(.text)
    ADC0SS3_IRQHandler                       0x0000038f   Thumb Code     0  startup_msp432e401y_uvision.o(.text)
    ADC1SS0_IRQHandler                       0x0000038f   Thumb Code     0  startup_msp432e401y_uvision.o(.text)
    ADC1SS1_IRQHandler                       0x0000038f   Thumb Code     0  startup_msp432e401y_uvision.o(.text)
    ADC1SS2_IRQHandler                       0x0000038f   Thumb Code     0  startup_msp432e401y_uvision.o(.text)
    ADC1SS3_IRQHandler                       0x0000038f   Thumb Code     0  startup_msp432e401y_uvision.o(.text)
    AES0_IRQHandler                          0x0000038f   Thumb Code     0  startup_msp432e401y_uvision.o(.text)
    CAN0_IRQHandler                          0x0000038f   Thumb Code     0  startup_msp432e401y_uvision.o(.text)
    CAN1_IRQHandler                          0x0000038f   Thumb Code     0  startup_msp432e401y_uvision.o(.text)
    COMP0_IRQHandler                         0x0000038f   Thumb Code     0  startup_msp432e401y_uvision.o(.text)
    COMP1_IRQHandler                         0x0000038f   Thumb Code     0  startup_msp432e401y_uvision.o(.text)
    COMP2_IRQHandler                         0x0000038f   Thumb Code     0  startup_msp432e401y_uvision.o(.text)
    DES0_IRQHandler                          0x0000038f   Thumb Code     0  startup_msp432e401y_uvision.o(.text)
    EMAC0_IRQHandler                         0x0000038f   Thumb Code     0  startup_msp432e401y_uvision.o(.text)
    EPI0_IRQHandler                          0x0000038f   Thumb Code     0  startup_msp432e401y_uvision.o(.text)
    FLASH_IRQHandler                         0x0000038f   Thumb Code     0  startup_msp432e401y_uvision.o(.text)
    GPIOA_IRQHandler                         0x0000038f   Thumb Code     0  startup_msp432e401y_uvision.o(.text)
    GPIOB_IRQHandler                         0x0000038f   Thumb Code     0  startup_msp432e401y_uvision.o(.text)
    GPIOC_IRQHandler                         0x0000038f   Thumb Code     0  startup_msp432e401y_uvision.o(.text)
    GPIOD_IRQHandler                         0x0000038f   Thumb Code     0  startup_msp432e401y_uvision.o(.text)
    GPIOE_IRQHandler                         0x0000038f   Thumb Code     0  startup_msp432e401y_uvision.o(.text)
    GPIOF_IRQHandler                         0x0000038f   Thumb Code     0  startup_msp432e401y_uvision.o(.text)
    GPIOG_IRQHandler                         0x0000038f   Thumb Code     0  startup_msp432e401y_uvision.o(.text)
    GPIOH_IRQHandler                         0x0000038f   Thumb Code     0  startup_msp432e401y_uvision.o(.text)
    GPIOK_IRQHandler                         0x0000038f   Thumb Code     0  startup_msp432e401y_uvision.o(.text)
    GPIOL_IRQHandler                         0x0000038f   Thumb Code     0  startup_msp432e401y_uvision.o(.text)
    GPIOM_IRQHandler                         0x0000038f   Thumb Code     0  startup_msp432e401y_uvision.o(.text)
    GPION_IRQHandler                         0x0000038f   Thumb Code     0  startup_msp432e401y_uvision.o(.text)
    GPIOP0_IRQHandler                        0x0000038f   Thumb Code     0  startup_msp432e401y_uvision.o(.text)
    GPIOP1_IRQHandler                        0x0000038f   Thumb Code     0  startup_msp432e401y_uvision.o(.text)
    GPIOP2_IRQHandler                        0x0000038f   Thumb Code     0  startup_msp432e401y_uvision.o(.text)
    GPIOP3_IRQHandler                        0x0000038f   Thumb Code     0  startup_msp432e401y_uvision.o(.text)
    GPIOP4_IRQHandler                        0x0000038f   Thumb Code     0  startup_msp432e401y_uvision.o(.text)
    GPIOP5_IRQHandler                        0x0000038f   Thumb Code     0  startup_msp432e401y_uvision.o(.text)
    GPIOP6_IRQHandler                        0x0000038f   Thumb Code     0  startup_msp432e401y_uvision.o(.text)
    GPIOP7_IRQHandler                        0x0000038f   Thumb Code     0  startup_msp432e401y_uvision.o(.text)
    GPIOQ0_IRQHandler                        0x0000038f   Thumb Code     0  startup_msp432e401y_uvision.o(.text)
    GPIOQ1_IRQHandler                        0x0000038f   Thumb Code     0  startup_msp432e401y_uvision.o(.text)
    GPIOQ2_IRQHandler                        0x0000038f   Thumb Code     0  startup_msp432e401y_uvision.o(.text)
    GPIOQ3_IRQHandler                        0x0000038f   Thumb Code     0  startup_msp432e401y_uvision.o(.text)
    GPIOQ4_IRQHandler                        0x0000038f   Thumb Code     0  startup_msp432e401y_uvision.o(.text)
    GPIOQ5_IRQHandler                        0x0000038f   Thumb Code     0  startup_msp432e401y_uvision.o(.text)
    GPIOQ6_IRQHandler                        0x0000038f   Thumb Code     0  startup_msp432e401y_uvision.o(.text)
    GPIOQ7_IRQHandler                        0x0000038f   Thumb Code     0  startup_msp432e401y_uvision.o(.text)
    HIBERNATE_IRQHandler                     0x0000038f   Thumb Code     0  startup_msp432e401y_uvision.o(.text)
    I2C0_IRQHandler                          0x0000038f   Thumb Code     0  startup_msp432e401y_uvision.o(.text)
    I2C1_IRQHandler                          0x0000038f   Thumb Code     0  startup_msp432e401y_uvision.o(.text)
    I2C2_IRQHandler                          0x0000038f   Thumb Code     0  startup_msp432e401y_uvision.o(.text)
    I2C3_IRQHandler                          0x0000038f   Thumb Code     0  startup_msp432e401y_uvision.o(.text)
    I2C4_IRQHandler                          0x0000038f   Thumb Code     0  startup_msp432e401y_uvision.o(.text)
    I2C5_IRQHandler                          0x0000038f   Thumb Code     0  startup_msp432e401y_uvision.o(.text)
    I2C6_IRQHandler                          0x0000038f   Thumb Code     0  startup_msp432e401y_uvision.o(.text)
    I2C7_IRQHandler                          0x0000038f   Thumb Code     0  startup_msp432e401y_uvision.o(.text)
    I2C8_IRQHandler                          0x0000038f   Thumb Code     0  startup_msp432e401y_uvision.o(.text)
    I2C9_IRQHandler                          0x0000038f   Thumb Code     0  startup_msp432e401y_uvision.o(.text)
    PWM0_0_IRQHandler                        0x0000038f   Thumb Code     0  startup_msp432e401y_uvision.o(.text)
    PWM0_1_IRQHandler                        0x0000038f   Thumb Code     0  startup_msp432e401y_uvision.o(.text)
    PWM0_2_IRQHandler                        0x0000038f   Thumb Code     0  startup_msp432e401y_uvision.o(.text)
    PWM0_3_IRQHandler                        0x0000038f   Thumb Code     0  startup_msp432e401y_uvision.o(.text)
    PWM0_FAULT_IRQHandler                    0x0000038f   Thumb Code     0  startup_msp432e401y_uvision.o(.text)
    QEI0_IRQHandler                          0x0000038f   Thumb Code     0  startup_msp432e401y_uvision.o(.text)
    SHA0_IRQHandler                          0x0000038f   Thumb Code     0  startup_msp432e401y_uvision.o(.text)
    SSI0_IRQHandler                          0x0000038f   Thumb Code     0  startup_msp432e401y_uvision.o(.text)
    SSI1_IRQHandler                          0x0000038f   Thumb Code     0  startup_msp432e401y_uvision.o(.text)
    SSI2_IRQHandler                          0x0000038f   Thumb Code     0  startup_msp432e401y_uvision.o(.text)
    SSI3_IRQHandler                          0x0000038f   Thumb Code     0  startup_msp432e401y_uvision.o(.text)
    SYSCTL_IRQHandler                        0x0000038f   Thumb Code     0  startup_msp432e401y_uvision.o(.text)
    SYSEXC_IRQHandler                        0x0000038f   Thumb Code     0  startup_msp432e401y_uvision.o(.text)
    TAMPER0_IRQHandler                       0x0000038f   Thumb Code     0  startup_msp432e401y_uvision.o(.text)
    TIMER0A_IRQHandler                       0x0000038f   Thumb Code     0  startup_msp432e401y_uvision.o(.text)
    TIMER0B_IRQHandler                       0x0000038f   Thumb Code     0  startup_msp432e401y_uvision.o(.text)
    TIMER1A_IRQHandler                       0x0000038f   Thumb Code     0  startup_msp432e401y_uvision.o(.text)
    TIMER1B_IRQHandler                       0x0000038f   Thumb Code     0  startup_msp432e401y_uvision.o(.text)
    TIMER2A_IRQHandler                       0x0000038f   Thumb Code     0  startup_msp432e401y_uvision.o(.text)
    TIMER2B_IRQHandler                       0x0000038f   Thumb Code     0  startup_msp432e401y_uvision.o(.text)
    TIMER3A_IRQHandler                       0x0000038f   Thumb Code     0  startup_msp432e401y_uvision.o(.text)
    TIMER3B_IRQHandler                       0x0000038f   Thumb Code     0  startup_msp432e401y_uvision.o(.text)
    TIMER4A_IRQHandler                       0x0000038f   Thumb Code     0  startup_msp432e401y_uvision.o(.text)
    TIMER4B_IRQHandler                       0x0000038f   Thumb Code     0  startup_msp432e401y_uvision.o(.text)
    TIMER5A_IRQHandler                       0x0000038f   Thumb Code     0  startup_msp432e401y_uvision.o(.text)
    TIMER5B_IRQHandler                       0x0000038f   Thumb Code     0  startup_msp432e401y_uvision.o(.text)
    TIMER6A_IRQHandler                       0x0000038f   Thumb Code     0  startup_msp432e401y_uvision.o(.text)
    TIMER6B_IRQHandler                       0x0000038f   Thumb Code     0  startup_msp432e401y_uvision.o(.text)
    TIMER7A_IRQHandler                       0x0000038f   Thumb Code     0  startup_msp432e401y_uvision.o(.text)
    TIMER7B_IRQHandler                       0x0000038f   Thumb Code     0  startup_msp432e401y_uvision.o(.text)
    UART0_IRQHandler                         0x0000038f   Thumb Code     0  startup_msp432e401y_uvision.o(.text)
    UART1_IRQHandler                         0x0000038f   Thumb Code     0  startup_msp432e401y_uvision.o(.text)
    UART2_IRQHandler                         0x0000038f   Thumb Code     0  startup_msp432e401y_uvision.o(.text)
    UART3_IRQHandler                         0x0000038f   Thumb Code     0  startup_msp432e401y_uvision.o(.text)
    UART4_IRQHandler                         0x0000038f   Thumb Code     0  startup_msp432e401y_uvision.o(.text)
    UART5_IRQHandler                         0x0000038f   Thumb Code     0  startup_msp432e401y_uvision.o(.text)
    UART6_IRQHandler                         0x0000038f   Thumb Code     0  startup_msp432e401y_uvision.o(.text)
    UART7_IRQHandler                         0x0000038f   Thumb Code     0  startup_msp432e401y_uvision.o(.text)
    UDMAERR_IRQHandler                       0x0000038f   Thumb Code     0  startup_msp432e401y_uvision.o(.text)
    UDMA_IRQHandler                          0x0000038f   Thumb Code     0  startup_msp432e401y_uvision.o(.text)
    USB0_IRQHandler                          0x0000038f   Thumb Code     0  startup_msp432e401y_uvision.o(.text)
    WATCHDOG_IRQHandler                      0x0000038f   Thumb Code     0  startup_msp432e401y_uvision.o(.text)
    __user_initial_stackheap                 0x00000391   Thumb Code    10  startup_msp432e401y_uvision.o(.text)
    sprintf                                  0x000003b1   Thumb Code    38  sprintf.o(.text)
    __use_two_region_memory                  0x000003dd   Thumb Code     2  heapauxi.o(.text)
    __rt_heap_escrow$2region                 0x000003df   Thumb Code     2  heapauxi.o(.text)
    __rt_heap_expand$2region                 0x000003e1   Thumb Code     2  heapauxi.o(.text)
    _printf_pre_padding                      0x000003e3   Thumb Code    44  _printf_pad.o(.text)
    _printf_post_padding                     0x0000040f   Thumb Code    34  _printf_pad.o(.text)
    _printf_truncate_signed                  0x00000431   Thumb Code    18  _printf_truncate.o(.text)
    _printf_truncate_unsigned                0x00000443   Thumb Code    18  _printf_truncate.o(.text)
    _printf_str                              0x00000455   Thumb Code    82  _printf_str.o(.text)
    _printf_int_dec                          0x000004a9   Thumb Code   104  _printf_dec.o(.text)
    _printf_charcount                        0x00000521   Thumb Code    40  _printf_charcount.o(.text)
    _printf_char_common                      0x00000553   Thumb Code    32  _printf_char_common.o(.text)
    _sputc                                   0x00000579   Thumb Code    10  _sputc.o(.text)
    _printf_wctomb                           0x00000585   Thumb Code   182  _printf_wctomb.o(.text)
    _printf_longlong_dec                     0x00000641   Thumb Code   108  _printf_longlong_dec.o(.text)
    _printf_longlong_oct                     0x000006bd   Thumb Code    68  _printf_oct_int_ll.o(.text)
    _printf_int_oct                          0x00000701   Thumb Code    24  _printf_oct_int_ll.o(.text)
    _printf_ll_oct                           0x00000719   Thumb Code    12  _printf_oct_int_ll.o(.text)
    _printf_longlong_hex                     0x0000072d   Thumb Code    86  _printf_hex_int_ll_ptr.o(.text)
    _printf_int_hex                          0x00000783   Thumb Code    28  _printf_hex_int_ll_ptr.o(.text)
    _printf_ll_hex                           0x0000079f   Thumb Code    12  _printf_hex_int_ll_ptr.o(.text)
    _printf_hex_ptr                          0x000007ab   Thumb Code    18  _printf_hex_int_ll_ptr.o(.text)
    __printf                                 0x000007c1   Thumb Code   388  __printf_flags_ss_wp.o(.text)
    _ll_udiv10                               0x00000949   Thumb Code   138  lludiv10.o(.text)
    _printf_int_common                       0x000009d3   Thumb Code   178  _printf_intcommon.o(.text)
    _printf_fp_dec_real                      0x00000c35   Thumb Code   620  _printf_fp_dec.o(.text)
    _printf_fp_hex_real                      0x00000ea1   Thumb Code   756  _printf_fp_hex.o(.text)
    _printf_cs_common                        0x0000119d   Thumb Code    20  _printf_char.o(.text)
    _printf_char                             0x000011b1   Thumb Code    16  _printf_char.o(.text)
    _printf_string                           0x000011c1   Thumb Code     8  _printf_char.o(.text)
    _printf_lcs_common                       0x000011c9   Thumb Code    20  _printf_wchar.o(.text)
    _printf_wchar                            0x000011dd   Thumb Code    16  _printf_wchar.o(.text)
    _printf_wstring                          0x000011ed   Thumb Code     8  _printf_wchar.o(.text)
    _c16rtomb                                0x000011f5   Thumb Code    72  _c16rtomb.o(.text)
    _wcrtomb                                 0x000011f5   Thumb Code     0  _c16rtomb.o(.text)
    __user_setup_stackheap                   0x0000123d   Thumb Code    74  sys_stackheap_outer.o(.text)
    __rt_ctype_table                         0x00001289   Thumb Code    16  rt_ctype_table.o(.text)
    __rt_locale                              0x00001299   Thumb Code     8  rt_locale_intlibspace.o(.text)
    _printf_fp_infnan                        0x000012a1   Thumb Code   112  _printf_fp_infnan.o(.text)
    _btod_etento                             0x00001321   Thumb Code   224  bigflt0.o(.text)
    exit                                     0x00001405   Thumb Code    18  exit.o(.text)
    __user_libspace                          0x00001419   Thumb Code     8  libspace.o(.text)
    __user_perproc_libspace                  0x00001419   Thumb Code     0  libspace.o(.text)
    __user_perthread_libspace                0x00001419   Thumb Code     0  libspace.o(.text)
    strcmp                                   0x00001421   Thumb Code   124  strcmpv7em.o(.text)
    _sys_exit                                0x0000149d   Thumb Code     8  sys_exit.o(.text)
    __I$use$semihosting                      0x000014a9   Thumb Code     0  use_no_semi.o(.text)
    __use_no_semihosting_swi                 0x000014a9   Thumb Code     2  use_no_semi.o(.text)
    __semihosting_library_function           0x000014ab   Thumb Code     0  indicate_semi.o(.text)
    DutyCycleForward                         0x000014ad   Thumb Code    66  steppermotor.o(.text.DutyCycleForward)
    DutyCycleReverse                         0x000014f1   Thumb Code    66  steppermotor.o(.text.DutyCycleReverse)
    EnableInt                                0x00001535   Thumb Code     4  onboardbutton.o(.text.EnableInt)
    ExternalButton_Init                      0x00001539   Thumb Code   238  onboardbutton.o(.text.ExternalButton_Init)
    FlashAllLEDs                             0x00001629   Thumb Code    78  onboardleds.o(.text.FlashAllLEDs)
    FlashI2CError                            0x00001679   Thumb Code    28  onboardleds.o(.text.FlashI2CError)
    FlashI2CRx                               0x00001695   Thumb Code    10  onboardleds.o(.text.FlashI2CRx)
    FlashI2CTx                               0x000016a1   Thumb Code    10  onboardleds.o(.text.FlashI2CTx)
    FlashLED3                                0x000016ad   Thumb Code    66  onboardleds.o(.text.FlashLED3)
    FlashLED4                                0x000016f1   Thumb Code    66  onboardleds.o(.text.FlashLED4)
    GPIOJ_IRQHandler                         0x00001735   Thumb Code    74  onboardbutton.o(.text.GPIOJ_IRQHandler)
    I2C_Init                                 0x00001781   Thumb Code   148  i2cinit.o(.text.I2C_Init)
    PLL_Init                                 0x00001815   Thumb Code   316  pll.o(.text.PLL_Init)
    PortH_Init                               0x00001951   Thumb Code   104  steppermotor.o(.text.PortH_Init)
    Status_Check                             0x000019b9   Thumb Code    76  uart.o(.text.Status_Check)
    SysTick_Init                             0x00001a05   Thumb Code    42  systick.o(.text.SysTick_Init)
    SysTick_Wait                             0x00001a31   Thumb Code    54  systick.o(.text.SysTick_Wait)
    SysTick_Wait10ms                         0x00001a69   Thumb Code    48  systick.o(.text.SysTick_Wait10ms)
    SysTick_Wait1ms                          0x00001a99   Thumb Code    48  systick.o(.text.SysTick_Wait1ms)
    SysTick_Wait1us                          0x00001ac9   Thumb Code    42  systick.o(.text.SysTick_Wait1us)
    SystemInit                               0x00001af5   Thumb Code    36  system_msp432e401y.o(.text.SystemInit)
    UART_Init                                0x00001b19   Thumb Code   234  uart.o(.text.UART_Init)
    UART_OutChar                             0x00001c05   Thumb Code    46  uart.o(.text.UART_OutChar)
    UART_printf                              0x00001c35   Thumb Code    44  uart.o(.text.UART_printf)
    VL53L1X_BootState                        0x00001c61   Thumb Code    54  vl53l1x_api.o(.text.VL53L1X_BootState)
    VL53L1X_CheckForDataReady                0x00001c99   Thumb Code   102  vl53l1x_api.o(.text.VL53L1X_CheckForDataReady)
    VL53L1X_ClearInterrupt                   0x00001d01   Thumb Code    38  vl53l1x_api.o(.text.VL53L1X_ClearInterrupt)
    VL53L1X_GetDistance                      0x00001d29   Thumb Code    48  vl53l1x_api.o(.text.VL53L1X_GetDistance)
    VL53L1X_GetInterruptPolarity             0x00001d59   Thumb Code    70  vl53l1x_api.o(.text.VL53L1X_GetInterruptPolarity)
    VL53L1X_GetRangeStatus                   0x00001da1   Thumb Code    90  vl53l1x_api.o(.text.VL53L1X_GetRangeStatus)
    VL53L1X_GetSensorId                      0x00001dfd   Thumb Code    54  vl53l1x_api.o(.text.VL53L1X_GetSensorId)
    VL53L1X_SensorInit                       0x00001e35   Thumb Code   300  vl53l1x_api.o(.text.VL53L1X_SensorInit)
    VL53L1X_StartRanging                     0x00001f61   Thumb Code    38  vl53l1x_api.o(.text.VL53L1X_StartRanging)
    VL53L1X_StopRanging                      0x00001f89   Thumb Code    36  vl53l1x_api.o(.text.VL53L1X_StopRanging)
    VL53L1_RdByte                            0x00001fad   Thumb Code    50  vl53l1_platform_2dx4.o(.text.VL53L1_RdByte)
    VL53L1_RdWord                            0x00001fe1   Thumb Code    76  vl53l1_platform_2dx4.o(.text.VL53L1_RdWord)
    VL53L1_WaitMs                            0x0000202d   Thumb Code    48  vl53l1_platform_2dx4.o(.text.VL53L1_WaitMs)
    VL53L1_WrByte                            0x0000205d   Thumb Code    48  vl53l1_platform_2dx4.o(.text.VL53L1_WrByte)
    beginRxI2C                               0x0000208d   Thumb Code    36  vl53l1_platform_2dx4.o(.text.beginRxI2C)
    beginTxI2C                               0x000020b1   Thumb Code    36  vl53l1_platform_2dx4.o(.text.beginTxI2C)
    main                                     0x000020d5   Thumb Code   918  phana11_final_project.o(.text.main)
    onboardLEDs_Init                         0x0000246d   Thumb Code   212  onboardleds.o(.text.onboardLEDs_Init)
    readI2C                                  0x00002541   Thumb Code   114  vl53l1_platform_2dx4.o(.text.readI2C)
    rotate                                   0x000025b5   Thumb Code   100  steppermotor.o(.text.rotate)
    writeI2C                                 0x00002619   Thumb Code   260  vl53l1_platform_2dx4.o(.text.writeI2C)
    writeRegisterIndex                       0x0000271d   Thumb Code   224  vl53l1_platform_2dx4.o(.text.writeRegisterIndex)
    writeRegisterIndex_nostop                0x000027fd   Thumb Code   224  vl53l1_platform_2dx4.o(.text.writeRegisterIndex_nostop)
    _btod_d2e                                0x000028dd   Thumb Code    62  btod.o(CL$$btod_d2e)
    _d2e_denorm_low                          0x0000291b   Thumb Code    70  btod.o(CL$$btod_d2e_denorm_low)
    _d2e_norm_op1                            0x00002961   Thumb Code    96  btod.o(CL$$btod_d2e_norm_op1)
    __btod_div_common                        0x000029c1   Thumb Code   696  btod.o(CL$$btod_div_common)
    _e2e                                     0x00002cf9   Thumb Code   220  btod.o(CL$$btod_e2e)
    _btod_ediv                               0x00002dd5   Thumb Code    42  btod.o(CL$$btod_ediv)
    _btod_emul                               0x00002dff   Thumb Code    42  btod.o(CL$$btod_emul)
    __btod_mult_common                       0x00002e29   Thumb Code   580  btod.o(CL$$btod_mult_common)
    __ARM_fpclassify                         0x0000306d   Thumb Code    48  fpclassify.o(i.__ARM_fpclassify)
    _is_digit                                0x0000309d   Thumb Code    14  __printf_wp.o(i._is_digit)
    _get_lc_numeric                          0x000030ad   Thumb Code    44  lc_numeric_c.o(locale$$code)
    _get_lc_ctype                            0x000030d9   Thumb Code    44  lc_ctype_c.o(locale$$code)
    _fp_init                                 0x00003105   Thumb Code    26  fpinit.o(x$fpl$fpinit)
    __fplib_config_fpu_vfp                   0x0000311d   Thumb Code     0  fpinit.o(x$fpl$fpinit)
    __fplib_config_pureend_doubles           0x0000311d   Thumb Code     0  fpinit.o(x$fpl$fpinit)
    _printf_fp_dec                           0x0000311f   Thumb Code     4  printf1.o(x$fpl$printf1)
    _printf_fp_hex                           0x00003123   Thumb Code     4  printf2.o(x$fpl$printf2)
    __I$use$fp                               0x00003126   Number         0  usenofp.o(x$fpl$usenofp)
    VL51L1X_DEFAULT_CONFIGURATION            0x00003224   Data          91  vl53l1x_api.o(.rodata.VL51L1X_DEFAULT_CONFIGURATION)
    Region$$Table$$Base                      0x000033e8   Number         0  anon$$obj.o(Region$$Table)
    Region$$Table$$Limit                     0x00003408   Number         0  anon$$obj.o(Region$$Table)
    __ctype                                  0x00003431   Data           0  lc_ctype_c.o(locale$$data)
    SystemCoreClock                          0x20000000   Data           4  system_msp432e401y.o(.data.SystemCoreClock)
    dev                                      0x20000004   Data           2  phana11_final_project.o(.data.dev)
    __libspace_start                         0x20000008   Data          96  libspace.o(.bss)
    __temporary_stack_top$libspace           0x20000068   Data           0  libspace.o(.bss)
    debugArray                               0x20000068   Data        1024  phana11_final_project.o(.bss.debugArray)
    state                                    0x20000c68   Data           4  phana11_final_project.o(.bss.state)
    status                                   0x20000c6c   Data           4  phana11_final_project.o(.bss.status)



==============================================================================

Memory Map of the image

  Image Entry point : 0x00000375

  Load Region LR_1 (Base: 0x00000000, Size: 0x0000353c, Max: 0xffffffff, ABSOLUTE)

    Execution Region ER_RO (Exec base: 0x00000000, Load base: 0x00000000, Size: 0x00003534, Max: 0xffffffff, ABSOLUTE)

    Exec Addr    Load Addr    Size         Type   Attr      Idx    E Section Name        Object

    0x00000000   0x00000000   0x000001fc   Data   RO          266    RESET               startup_msp432e401y_uvision.o
    0x000001fc   0x000001fc   0x00000008   Code   RO          291  * !!!main             c_w.l(__main.o)
    0x00000204   0x00000204   0x0000005c   Code   RO          652    !!!scatter          c_w.l(__scatter.o)
    0x00000260   0x00000260   0x0000001a   Code   RO          656    !!handler_copy      c_w.l(__scatter_copy.o)
    0x0000027a   0x0000027a   0x00000002   PAD
    0x0000027c   0x0000027c   0x00000002   Code   RO          653    !!handler_null      c_w.l(__scatter.o)
    0x0000027e   0x0000027e   0x00000002   PAD
    0x00000280   0x00000280   0x0000001c   Code   RO          658    !!handler_zi        c_w.l(__scatter_zi.o)
    0x0000029c   0x0000029c   0x00000000   Code   RO          395    .ARM.Collect$$_printf_percent$$00000000  c_w.l(_printf_percent.o)
    0x0000029c   0x0000029c   0x00000006   Code   RO          384    .ARM.Collect$$_printf_percent$$00000001  c_w.l(_printf_n.o)
    0x000002a2   0x000002a2   0x00000006   Code   RO          386    .ARM.Collect$$_printf_percent$$00000002  c_w.l(_printf_p.o)
    0x000002a8   0x000002a8   0x00000006   Code   RO          391    .ARM.Collect$$_printf_percent$$00000003  c_w.l(_printf_f.o)
    0x000002ae   0x000002ae   0x00000006   Code   RO          392    .ARM.Collect$$_printf_percent$$00000004  c_w.l(_printf_e.o)
    0x000002b4   0x000002b4   0x00000006   Code   RO          393    .ARM.Collect$$_printf_percent$$00000005  c_w.l(_printf_g.o)
    0x000002ba   0x000002ba   0x00000006   Code   RO          394    .ARM.Collect$$_printf_percent$$00000006  c_w.l(_printf_a.o)
    0x000002c0   0x000002c0   0x0000000a   Code   RO          399    .ARM.Collect$$_printf_percent$$00000007  c_w.l(_printf_ll.o)
    0x000002ca   0x000002ca   0x00000006   Code   RO          388    .ARM.Collect$$_printf_percent$$00000008  c_w.l(_printf_i.o)
    0x000002d0   0x000002d0   0x00000006   Code   RO          389    .ARM.Collect$$_printf_percent$$00000009  c_w.l(_printf_d.o)
    0x000002d6   0x000002d6   0x00000006   Code   RO          390    .ARM.Collect$$_printf_percent$$0000000A  c_w.l(_printf_u.o)
    0x000002dc   0x000002dc   0x00000006   Code   RO          387    .ARM.Collect$$_printf_percent$$0000000B  c_w.l(_printf_o.o)
    0x000002e2   0x000002e2   0x00000006   Code   RO          385    .ARM.Collect$$_printf_percent$$0000000C  c_w.l(_printf_x.o)
    0x000002e8   0x000002e8   0x00000006   Code   RO          396    .ARM.Collect$$_printf_percent$$0000000D  c_w.l(_printf_lli.o)
    0x000002ee   0x000002ee   0x00000006   Code   RO          397    .ARM.Collect$$_printf_percent$$0000000E  c_w.l(_printf_lld.o)
    0x000002f4   0x000002f4   0x00000006   Code   RO          398    .ARM.Collect$$_printf_percent$$0000000F  c_w.l(_printf_llu.o)
    0x000002fa   0x000002fa   0x00000006   Code   RO          403    .ARM.Collect$$_printf_percent$$00000010  c_w.l(_printf_llo.o)
    0x00000300   0x00000300   0x00000006   Code   RO          404    .ARM.Collect$$_printf_percent$$00000011  c_w.l(_printf_llx.o)
    0x00000306   0x00000306   0x0000000a   Code   RO          400    .ARM.Collect$$_printf_percent$$00000012  c_w.l(_printf_l.o)
    0x00000310   0x00000310   0x00000006   Code   RO          382    .ARM.Collect$$_printf_percent$$00000013  c_w.l(_printf_c.o)
    0x00000316   0x00000316   0x00000006   Code   RO          383    .ARM.Collect$$_printf_percent$$00000014  c_w.l(_printf_s.o)
    0x0000031c   0x0000031c   0x00000006   Code   RO          401    .ARM.Collect$$_printf_percent$$00000015  c_w.l(_printf_lc.o)
    0x00000322   0x00000322   0x00000006   Code   RO          402    .ARM.Collect$$_printf_percent$$00000016  c_w.l(_printf_ls.o)
    0x00000328   0x00000328   0x00000004   Code   RO          450    .ARM.Collect$$_printf_percent$$00000017  c_w.l(_printf_percent_end.o)
    0x0000032c   0x0000032c   0x00000002   Code   RO          501    .ARM.Collect$$libinit$$00000000  c_w.l(libinit.o)
    0x0000032e   0x0000032e   0x00000004   Code   RO          518    .ARM.Collect$$libinit$$00000001  c_w.l(libinit2.o)
    0x00000332   0x00000332   0x00000000   Code   RO          521    .ARM.Collect$$libinit$$00000004  c_w.l(libinit2.o)
    0x00000332   0x00000332   0x00000000   Code   RO          523    .ARM.Collect$$libinit$$00000006  c_w.l(libinit2.o)
    0x00000332   0x00000332   0x00000000   Code   RO          526    .ARM.Collect$$libinit$$0000000C  c_w.l(libinit2.o)
    0x00000332   0x00000332   0x00000000   Code   RO          528    .ARM.Collect$$libinit$$0000000E  c_w.l(libinit2.o)
    0x00000332   0x00000332   0x00000000   Code   RO          530    .ARM.Collect$$libinit$$00000010  c_w.l(libinit2.o)
    0x00000332   0x00000332   0x00000006   Code   RO          531    .ARM.Collect$$libinit$$00000011  c_w.l(libinit2.o)
    0x00000338   0x00000338   0x00000000   Code   RO          533    .ARM.Collect$$libinit$$00000013  c_w.l(libinit2.o)
    0x00000338   0x00000338   0x0000000c   Code   RO          534    .ARM.Collect$$libinit$$00000014  c_w.l(libinit2.o)
    0x00000344   0x00000344   0x00000000   Code   RO          535    .ARM.Collect$$libinit$$00000015  c_w.l(libinit2.o)
    0x00000344   0x00000344   0x00000000   Code   RO          537    .ARM.Collect$$libinit$$00000017  c_w.l(libinit2.o)
    0x00000344   0x00000344   0x0000000a   Code   RO          538    .ARM.Collect$$libinit$$00000018  c_w.l(libinit2.o)
    0x0000034e   0x0000034e   0x00000000   Code   RO          539    .ARM.Collect$$libinit$$00000019  c_w.l(libinit2.o)
    0x0000034e   0x0000034e   0x00000000   Code   RO          541    .ARM.Collect$$libinit$$0000001B  c_w.l(libinit2.o)
    0x0000034e   0x0000034e   0x00000000   Code   RO          543    .ARM.Collect$$libinit$$0000001D  c_w.l(libinit2.o)
    0x0000034e   0x0000034e   0x00000000   Code   RO          545    .ARM.Collect$$libinit$$0000001F  c_w.l(libinit2.o)
    0x0000034e   0x0000034e   0x00000000   Code   RO          547    .ARM.Collect$$libinit$$00000021  c_w.l(libinit2.o)
    0x0000034e   0x0000034e   0x00000000   Code   RO          549    .ARM.Collect$$libinit$$00000023  c_w.l(libinit2.o)
    0x0000034e   0x0000034e   0x00000000   Code   RO          551    .ARM.Collect$$libinit$$00000025  c_w.l(libinit2.o)
    0x0000034e   0x0000034e   0x00000000   Code   RO          553    .ARM.Collect$$libinit$$00000027  c_w.l(libinit2.o)
    0x0000034e   0x0000034e   0x00000000   Code   RO          557    .ARM.Collect$$libinit$$0000002E  c_w.l(libinit2.o)
    0x0000034e   0x0000034e   0x00000000   Code   RO          559    .ARM.Collect$$libinit$$00000030  c_w.l(libinit2.o)
    0x0000034e   0x0000034e   0x00000000   Code   RO          561    .ARM.Collect$$libinit$$00000032  c_w.l(libinit2.o)
    0x0000034e   0x0000034e   0x00000000   Code   RO          563    .ARM.Collect$$libinit$$00000034  c_w.l(libinit2.o)
    0x0000034e   0x0000034e   0x00000002   Code   RO          564    .ARM.Collect$$libinit$$00000035  c_w.l(libinit2.o)
    0x00000350   0x00000350   0x00000002   Code   RO          588    .ARM.Collect$$libshutdown$$00000000  c_w.l(libshutdown.o)
    0x00000352   0x00000352   0x00000000   Code   RO          603    .ARM.Collect$$libshutdown$$00000002  c_w.l(libshutdown2.o)
    0x00000352   0x00000352   0x00000000   Code   RO          605    .ARM.Collect$$libshutdown$$00000004  c_w.l(libshutdown2.o)
    0x00000352   0x00000352   0x00000000   Code   RO          608    .ARM.Collect$$libshutdown$$00000007  c_w.l(libshutdown2.o)
    0x00000352   0x00000352   0x00000000   Code   RO          611    .ARM.Collect$$libshutdown$$0000000A  c_w.l(libshutdown2.o)
    0x00000352   0x00000352   0x00000000   Code   RO          613    .ARM.Collect$$libshutdown$$0000000C  c_w.l(libshutdown2.o)
    0x00000352   0x00000352   0x00000000   Code   RO          616    .ARM.Collect$$libshutdown$$0000000F  c_w.l(libshutdown2.o)
    0x00000352   0x00000352   0x00000002   Code   RO          617    .ARM.Collect$$libshutdown$$00000010  c_w.l(libshutdown2.o)
    0x00000354   0x00000354   0x00000000   Code   RO          313    .ARM.Collect$$rtentry$$00000000  c_w.l(__rtentry.o)
    0x00000354   0x00000354   0x00000000   Code   RO          419    .ARM.Collect$$rtentry$$00000002  c_w.l(__rtentry2.o)
    0x00000354   0x00000354   0x00000006   Code   RO          431    .ARM.Collect$$rtentry$$00000004  c_w.l(__rtentry4.o)
    0x0000035a   0x0000035a   0x00000000   Code   RO          421    .ARM.Collect$$rtentry$$00000009  c_w.l(__rtentry2.o)
    0x0000035a   0x0000035a   0x00000004   Code   RO          422    .ARM.Collect$$rtentry$$0000000A  c_w.l(__rtentry2.o)
    0x0000035e   0x0000035e   0x00000000   Code   RO          424    .ARM.Collect$$rtentry$$0000000C  c_w.l(__rtentry2.o)
    0x0000035e   0x0000035e   0x00000008   Code   RO          425    .ARM.Collect$$rtentry$$0000000D  c_w.l(__rtentry2.o)
    0x00000366   0x00000366   0x00000002   Code   RO          509    .ARM.Collect$$rtexit$$00000000  c_w.l(rtexit.o)
    0x00000368   0x00000368   0x00000000   Code   RO          566    .ARM.Collect$$rtexit$$00000002  c_w.l(rtexit2.o)
    0x00000368   0x00000368   0x00000004   Code   RO          567    .ARM.Collect$$rtexit$$00000003  c_w.l(rtexit2.o)
    0x0000036c   0x0000036c   0x00000006   Code   RO          568    .ARM.Collect$$rtexit$$00000004  c_w.l(rtexit2.o)
    0x00000372   0x00000372   0x00000002   PAD
    0x00000374   0x00000374   0x0000003c   Code   RO          267  * .text               startup_msp432e401y_uvision.o
    0x000003b0   0x000003b0   0x0000002c   Code   RO          287    .text               c_w.l(sprintf.o)
    0x000003dc   0x000003dc   0x00000006   Code   RO          289    .text               c_w.l(heapauxi.o)
    0x000003e2   0x000003e2   0x0000004e   Code   RO          316    .text               c_w.l(_printf_pad.o)
    0x00000430   0x00000430   0x00000024   Code   RO          318    .text               c_w.l(_printf_truncate.o)
    0x00000454   0x00000454   0x00000052   Code   RO          320    .text               c_w.l(_printf_str.o)
    0x000004a6   0x000004a6   0x00000002   PAD
    0x000004a8   0x000004a8   0x00000078   Code   RO          322    .text               c_w.l(_printf_dec.o)
    0x00000520   0x00000520   0x00000028   Code   RO          324    .text               c_w.l(_printf_charcount.o)
    0x00000548   0x00000548   0x00000030   Code   RO          326    .text               c_w.l(_printf_char_common.o)
    0x00000578   0x00000578   0x0000000a   Code   RO          328    .text               c_w.l(_sputc.o)
    0x00000582   0x00000582   0x00000002   PAD
    0x00000584   0x00000584   0x000000bc   Code   RO          330    .text               c_w.l(_printf_wctomb.o)
    0x00000640   0x00000640   0x0000007c   Code   RO          333    .text               c_w.l(_printf_longlong_dec.o)
    0x000006bc   0x000006bc   0x00000070   Code   RO          339    .text               c_w.l(_printf_oct_int_ll.o)
    0x0000072c   0x0000072c   0x00000094   Code   RO          359    .text               c_w.l(_printf_hex_int_ll_ptr.o)
    0x000007c0   0x000007c0   0x00000188   Code   RO          379    .text               c_w.l(__printf_flags_ss_wp.o)
    0x00000948   0x00000948   0x0000008a   Code   RO          433    .text               c_w.l(lludiv10.o)
    0x000009d2   0x000009d2   0x000000b2   Code   RO          435    .text               c_w.l(_printf_intcommon.o)
    0x00000a84   0x00000a84   0x0000041c   Code   RO          437    .text               c_w.l(_printf_fp_dec.o)
    0x00000ea0   0x00000ea0   0x000002fc   Code   RO          441    .text               c_w.l(_printf_fp_hex.o)
    0x0000119c   0x0000119c   0x0000002c   Code   RO          446    .text               c_w.l(_printf_char.o)
    0x000011c8   0x000011c8   0x0000002c   Code   RO          448    .text               c_w.l(_printf_wchar.o)
    0x000011f4   0x000011f4   0x00000048   Code   RO          451    .text               c_w.l(_c16rtomb.o)
    0x0000123c   0x0000123c   0x0000004a   Code   RO          453    .text               c_w.l(sys_stackheap_outer.o)
    0x00001286   0x00001286   0x00000002   PAD
    0x00001288   0x00001288   0x00000010   Code   RO          455    .text               c_w.l(rt_ctype_table.o)
    0x00001298   0x00001298   0x00000008   Code   RO          460    .text               c_w.l(rt_locale_intlibspace.o)
    0x000012a0   0x000012a0   0x00000080   Code   RO          462    .text               c_w.l(_printf_fp_infnan.o)
    0x00001320   0x00001320   0x000000e4   Code   RO          464    .text               c_w.l(bigflt0.o)
    0x00001404   0x00001404   0x00000012   Code   RO          494    .text               c_w.l(exit.o)
    0x00001416   0x00001416   0x00000002   PAD
    0x00001418   0x00001418   0x00000008   Code   RO          506    .text               c_w.l(libspace.o)
    0x00001420   0x00001420   0x0000007c   Code   RO          516    .text               c_w.l(strcmpv7em.o)
    0x0000149c   0x0000149c   0x0000000c   Code   RO          578    .text               c_w.l(sys_exit.o)
    0x000014a8   0x000014a8   0x00000002   Code   RO          593    .text               c_w.l(use_no_semi.o)
    0x000014aa   0x000014aa   0x00000000   Code   RO          595    .text               c_w.l(indicate_semi.o)
    0x000014aa   0x000014aa   0x00000002   PAD
    0x000014ac   0x000014ac   0x00000042   Code   RO          230    .text.DutyCycleForward  steppermotor.o
    0x000014ee   0x000014ee   0x00000002   PAD
    0x000014f0   0x000014f0   0x00000042   Code   RO          232    .text.DutyCycleReverse  steppermotor.o
    0x00001532   0x00001532   0x00000002   PAD
    0x00001534   0x00001534   0x00000004   Code   RO          211    .text.EnableInt     onboardbutton.o
    0x00001538   0x00001538   0x000000ee   Code   RO          217    .text.ExternalButton_Init  onboardbutton.o
    0x00001626   0x00001626   0x00000002   PAD
    0x00001628   0x00001628   0x0000004e   Code   RO          167    .text.FlashAllLEDs  onboardleds.o
    0x00001676   0x00001676   0x00000002   PAD
    0x00001678   0x00001678   0x0000001c   Code   RO          173    .text.FlashI2CError  onboardleds.o
    0x00001694   0x00001694   0x0000000a   Code   RO          171    .text.FlashI2CRx    onboardleds.o
    0x0000169e   0x0000169e   0x00000002   PAD
    0x000016a0   0x000016a0   0x0000000a   Code   RO          169    .text.FlashI2CTx    onboardleds.o
    0x000016aa   0x000016aa   0x00000002   PAD
    0x000016ac   0x000016ac   0x00000042   Code   RO          163    .text.FlashLED3     onboardleds.o
    0x000016ee   0x000016ee   0x00000002   PAD
    0x000016f0   0x000016f0   0x00000042   Code   RO          165    .text.FlashLED4     onboardleds.o
    0x00001732   0x00001732   0x00000002   PAD
    0x00001734   0x00001734   0x0000004a   Code   RO          219    .text.GPIOJ_IRQHandler  onboardbutton.o
    0x0000177e   0x0000177e   0x00000002   PAD
    0x00001780   0x00001780   0x00000094   Code   RO          203    .text.I2C_Init      i2cinit.o
    0x00001814   0x00001814   0x0000013c   Code   RO            2    .text.PLL_Init      pll.o
    0x00001950   0x00001950   0x00000068   Code   RO          228    .text.PortH_Init    steppermotor.o
    0x000019b8   0x000019b8   0x0000004c   Code   RO          192    .text.Status_Check  uart.o
    0x00001a04   0x00001a04   0x0000002a   Code   RO           10    .text.SysTick_Init  systick.o
    0x00001a2e   0x00001a2e   0x00000002   PAD
    0x00001a30   0x00001a30   0x00000036   Code   RO           12    .text.SysTick_Wait  systick.o
    0x00001a66   0x00001a66   0x00000002   PAD
    0x00001a68   0x00001a68   0x00000030   Code   RO           14    .text.SysTick_Wait10ms  systick.o
    0x00001a98   0x00001a98   0x00000030   Code   RO           16    .text.SysTick_Wait1ms  systick.o
    0x00001ac8   0x00001ac8   0x0000002a   Code   RO           18    .text.SysTick_Wait1us  systick.o
    0x00001af2   0x00001af2   0x00000002   PAD
    0x00001af4   0x00001af4   0x00000024   Code   RO          276    .text.SystemInit    system_msp432e401y.o
    0x00001b18   0x00001b18   0x000000ea   Code   RO          184    .text.UART_Init     uart.o
    0x00001c02   0x00001c02   0x00000002   PAD
    0x00001c04   0x00001c04   0x0000002e   Code   RO          188    .text.UART_OutChar  uart.o
    0x00001c32   0x00001c32   0x00000002   PAD
    0x00001c34   0x00001c34   0x0000002c   Code   RO          190    .text.UART_printf   uart.o
    0x00001c60   0x00001c60   0x00000036   Code   RO           95    .text.VL53L1X_BootState  vl53l1x_api.o
    0x00001c96   0x00001c96   0x00000002   PAD
    0x00001c98   0x00001c98   0x00000066   Code   RO           75    .text.VL53L1X_CheckForDataReady  vl53l1x_api.o
    0x00001cfe   0x00001cfe   0x00000002   PAD
    0x00001d00   0x00001d00   0x00000026   Code   RO           71    .text.VL53L1X_ClearInterrupt  vl53l1x_api.o
    0x00001d26   0x00001d26   0x00000002   PAD
    0x00001d28   0x00001d28   0x00000030   Code   RO           99    .text.VL53L1X_GetDistance  vl53l1x_api.o
    0x00001d58   0x00001d58   0x00000046   Code   RO           81    .text.VL53L1X_GetInterruptPolarity  vl53l1x_api.o
    0x00001d9e   0x00001d9e   0x00000002   PAD
    0x00001da0   0x00001da0   0x0000005a   Code   RO          111    .text.VL53L1X_GetRangeStatus  vl53l1x_api.o
    0x00001dfa   0x00001dfa   0x00000002   PAD
    0x00001dfc   0x00001dfc   0x00000036   Code   RO           97    .text.VL53L1X_GetSensorId  vl53l1x_api.o
    0x00001e32   0x00001e32   0x00000002   PAD
    0x00001e34   0x00001e34   0x0000012c   Code   RO           69    .text.VL53L1X_SensorInit  vl53l1x_api.o
    0x00001f60   0x00001f60   0x00000026   Code   RO           73    .text.VL53L1X_StartRanging  vl53l1x_api.o
    0x00001f86   0x00001f86   0x00000002   PAD
    0x00001f88   0x00001f88   0x00000024   Code   RO           77    .text.VL53L1X_StopRanging  vl53l1x_api.o
    0x00001fac   0x00001fac   0x00000032   Code   RO           49    .text.VL53L1_RdByte  vl53l1_platform_2dx4.o
    0x00001fde   0x00001fde   0x00000002   PAD
    0x00001fe0   0x00001fe0   0x0000004c   Code   RO           51    .text.VL53L1_RdWord  vl53l1_platform_2dx4.o
    0x0000202c   0x0000202c   0x00000030   Code   RO           55    .text.VL53L1_WaitMs  vl53l1_platform_2dx4.o
    0x0000205c   0x0000205c   0x00000030   Code   RO           43    .text.VL53L1_WrByte  vl53l1_platform_2dx4.o
    0x0000208c   0x0000208c   0x00000024   Code   RO           35    .text.beginRxI2C    vl53l1_platform_2dx4.o
    0x000020b0   0x000020b0   0x00000024   Code   RO           27    .text.beginTxI2C    vl53l1_platform_2dx4.o
    0x000020d4   0x000020d4   0x00000396   Code   RO          247    .text.main          phana11_final_project.o
    0x0000246a   0x0000246a   0x00000002   PAD
    0x0000246c   0x0000246c   0x000000d4   Code   RO          175    .text.onboardLEDs_Init  onboardleds.o
    0x00002540   0x00002540   0x00000072   Code   RO           37    .text.readI2C       vl53l1_platform_2dx4.o
    0x000025b2   0x000025b2   0x00000002   PAD
    0x000025b4   0x000025b4   0x00000064   Code   RO          234    .text.rotate        steppermotor.o
    0x00002618   0x00002618   0x00000104   Code   RO           33    .text.writeI2C      vl53l1_platform_2dx4.o
    0x0000271c   0x0000271c   0x000000e0   Code   RO           29    .text.writeRegisterIndex  vl53l1_platform_2dx4.o
    0x000027fc   0x000027fc   0x000000e0   Code   RO           31    .text.writeRegisterIndex_nostop  vl53l1_platform_2dx4.o
    0x000028dc   0x000028dc   0x0000003e   Code   RO          467    CL$$btod_d2e        c_w.l(btod.o)
    0x0000291a   0x0000291a   0x00000046   Code   RO          469    CL$$btod_d2e_denorm_low  c_w.l(btod.o)
    0x00002960   0x00002960   0x00000060   Code   RO          468    CL$$btod_d2e_norm_op1  c_w.l(btod.o)
    0x000029c0   0x000029c0   0x00000338   Code   RO          477    CL$$btod_div_common  c_w.l(btod.o)
    0x00002cf8   0x00002cf8   0x000000dc   Code   RO          474    CL$$btod_e2e        c_w.l(btod.o)
    0x00002dd4   0x00002dd4   0x0000002a   Code   RO          471    CL$$btod_ediv       c_w.l(btod.o)
    0x00002dfe   0x00002dfe   0x0000002a   Code   RO          470    CL$$btod_emul       c_w.l(btod.o)
    0x00002e28   0x00002e28   0x00000244   Code   RO          476    CL$$btod_mult_common  c_w.l(btod.o)
    0x0000306c   0x0000306c   0x00000030   Code   RO          504    i.__ARM_fpclassify  m_wm.l(fpclassify.o)
    0x0000309c   0x0000309c   0x0000000e   Code   RO          372    i._is_digit         c_w.l(__printf_wp.o)
    0x000030aa   0x000030aa   0x00000002   PAD
    0x000030ac   0x000030ac   0x0000002c   Code   RO          492    locale$$code        c_w.l(lc_numeric_c.o)
    0x000030d8   0x000030d8   0x0000002c   Code   RO          514    locale$$code        c_w.l(lc_ctype_c.o)
    0x00003104   0x00003104   0x0000001a   Code   RO          576    x$fpl$fpinit        fz_wm.l(fpinit.o)
    0x0000311e   0x0000311e   0x00000004   Code   RO          409    x$fpl$printf1       fz_wm.l(printf1.o)
    0x00003122   0x00003122   0x00000004   Code   RO          411    x$fpl$printf2       fz_wm.l(printf2.o)
    0x00003126   0x00003126   0x00000000   Code   RO          417    x$fpl$usenofp       fz_wm.l(usenofp.o)
    0x00003126   0x00003126   0x00000002   PAD
    0x00003128   0x00003128   0x00000008   Data   RO          331    .constdata          c_w.l(_printf_wctomb.o)
    0x00003130   0x00003130   0x00000028   Data   RO          360    .constdata          c_w.l(_printf_hex_int_ll_ptr.o)
    0x00003158   0x00003158   0x00000011   Data   RO          380    .constdata          c_w.l(__printf_flags_ss_wp.o)
    0x00003169   0x00003169   0x00000026   Data   RO          442    .constdata          c_w.l(_printf_fp_hex.o)
    0x0000318f   0x0000318f   0x00000001   PAD
    0x00003190   0x00003190   0x00000094   Data   RO          465    .constdata          c_w.l(bigflt0.o)
    0x00003224   0x00003224   0x0000005b   Data   RO          149    .rodata.VL51L1X_DEFAULT_CONFIGURATION  vl53l1x_api.o
    0x0000327f   0x0000327f   0x00000018   Data   RO          151    .rodata.status_rtn  vl53l1x_api.o
    0x00003297   0x00003297   0x00000040   Data   RO          150    .rodata.str1.1      vl53l1x_api.o
    0x000032d7   0x000032d7   0x00000023   Data   RO          195    .rodata.str1.1      uart.o
    0x000032fa   0x000032fa   0x000000eb   Data   RO          253    .rodata.str1.1      phana11_final_project.o
    0x000033e5   0x000033e5   0x00000003   PAD
    0x000033e8   0x000033e8   0x00000020   Data   RO          651    Region$$Table       anon$$obj.o
    0x00003408   0x00003408   0x0000001c   Data   RO          491    locale$$data        c_w.l(lc_numeric_c.o)
    0x00003424   0x00003424   0x00000110   Data   RO          513    locale$$data        c_w.l(lc_ctype_c.o)


    Execution Region ER_RW (Exec base: 0x20000000, Load base: 0x00003534, Size: 0x00000008, Max: 0xffffffff, ABSOLUTE)

    Exec Addr    Load Addr    Size         Type   Attr      Idx    E Section Name        Object

    0x20000000   0x00003534   0x00000004   Data   RW          278    .data.SystemCoreClock  system_msp432e401y.o
    0x20000004   0x00003538   0x00000002   Data   RW          249    .data.dev           phana11_final_project.o


    Execution Region ER_ZI (Exec base: 0x20000008, Load base: 0x0000353c, Size: 0x00000e68, Max: 0xffffffff, ABSOLUTE)

    Exec Addr    Load Addr    Size         Type   Attr      Idx    E Section Name        Object

    0x20000008        -       0x00000060   Zero   RW          507    .bss                c_w.l(libspace.o)
    0x20000068        -       0x00000400   Zero   RW          255    .bss.debugArray     phana11_final_project.o
    0x20000468        -       0x000003ff   Zero   RW          194    .bss.printf_buffer  uart.o
    0x20000867        -       0x000003ff   Zero   RW          254    .bss.printf_buffer  phana11_final_project.o
    0x20000c66   0x0000353c   0x00000002   PAD
    0x20000c68        -       0x00000004   Zero   RW          251    .bss.state          phana11_final_project.o
    0x20000c6c        -       0x00000004   Zero   RW          250    .bss.status         phana11_final_project.o
    0x20000c70        -       0x00000000   Zero   RW          265    HEAP                startup_msp432e401y_uvision.o
    0x20000c70        -       0x00000200   Zero   RW          264    STACK               startup_msp432e401y_uvision.o


==============================================================================

Image component sizes


      Code (inc. data)   RO Data    RW Data    ZI Data      Debug   Object Name

       148          0          0          0          0        565   i2cinit.o
       316          0          0          0          0        959   onboardbutton.o
       470          0          0          0          0       1607   onboardleds.o
       918          0        235          2       2055       2417   phana11_final_project.o
       316          0          0          0          0        777   pll.o
        60         22        508          0        512        996   startup_msp432e401y_uvision.o
       336          0          0          0          0       1245   steppermotor.o
        36          0          0          4          0       7311   system_msp432e401y.o
       234          0          0          0          0       1268   systick.o
       400          0         35          0       1023       1472   uart.o
      1116          0          0          0          0       4079   vl53l1_platform_2dx4.o
       830          0        179          0          0      11386   vl53l1x_api.o

    ----------------------------------------------------------------------
      5228         22        992          8       3592      34082   Object Totals
         0          0         32          0          0          0   (incl. Generated)
        48          0          3          2          2          0   (incl. Padding)

    ----------------------------------------------------------------------

      Code (inc. data)   RO Data    RW Data    ZI Data      Debug   Library Member Name

         8          0          0          0          0         68   __main.o
       392          4         17          0          0         92   __printf_flags_ss_wp.o
        14          0          0          0          0         68   __printf_wp.o
         0          0          0          0          0          0   __rtentry.o
        12          0          0          0          0          0   __rtentry2.o
         6          0          0          0          0          0   __rtentry4.o
        94          8          0          0          0          0   __scatter.o
        26          0          0          0          0          0   __scatter_copy.o
        28          0          0          0          0          0   __scatter_zi.o
        72          0          0          0          0         96   _c16rtomb.o
         6          0          0          0          0          0   _printf_a.o
         6          0          0          0          0          0   _printf_c.o
        44          0          0          0          0        108   _printf_char.o
        48          6          0          0          0         96   _printf_char_common.o
        40          0          0          0          0         68   _printf_charcount.o
         6          0          0          0          0          0   _printf_d.o
       120         16          0          0          0         92   _printf_dec.o
         6          0          0          0          0          0   _printf_e.o
         6          0          0          0          0          0   _printf_f.o
      1052          0          0          0          0        148   _printf_fp_dec.o
       764          8         38          0          0        100   _printf_fp_hex.o
       128         16          0          0          0         84   _printf_fp_infnan.o
         6          0          0          0          0          0   _printf_g.o
       148          4         40          0          0        160   _printf_hex_int_ll_ptr.o
         6          0          0          0          0          0   _printf_i.o
       178          0          0          0          0         88   _printf_intcommon.o
        10          0          0          0          0          0   _printf_l.o
         6          0          0          0          0          0   _printf_lc.o
        10          0          0          0          0          0   _printf_ll.o
         6          0          0          0          0          0   _printf_lld.o
         6          0          0          0          0          0   _printf_lli.o
         6          0          0          0          0          0   _printf_llo.o
         6          0          0          0          0          0   _printf_llu.o
         6          0          0          0          0          0   _printf_llx.o
       124         16          0          0          0         92   _printf_longlong_dec.o
         6          0          0          0          0          0   _printf_ls.o
         6          0          0          0          0          0   _printf_n.o
         6          0          0          0          0          0   _printf_o.o
       112          8          0          0          0        124   _printf_oct_int_ll.o
         6          0          0          0          0          0   _printf_p.o
        78          0          0          0          0        108   _printf_pad.o
         0          0          0          0          0          0   _printf_percent.o
         4          0          0          0          0          0   _printf_percent_end.o
         6          0          0          0          0          0   _printf_s.o
        82          0          0          0          0         80   _printf_str.o
        36          0          0          0          0         84   _printf_truncate.o
         6          0          0          0          0          0   _printf_u.o
        44          0          0          0          0        108   _printf_wchar.o
       188          6          8          0          0         92   _printf_wctomb.o
         6          0          0          0          0          0   _printf_x.o
        10          0          0          0          0         68   _sputc.o
       228          4        148          0          0         96   bigflt0.o
      1936        128          0          0          0        668   btod.o
        18          0          0          0          0         80   exit.o
         6          0          0          0          0        152   heapauxi.o
         0          0          0          0          0          0   indicate_semi.o
        44         10        272          0          0         76   lc_ctype_c.o
        44         10         28          0          0         76   lc_numeric_c.o
         2          0          0          0          0          0   libinit.o
        34          0          0          0          0          0   libinit2.o
         2          0          0          0          0          0   libshutdown.o
         2          0          0          0          0          0   libshutdown2.o
         8          4          0          0         96         68   libspace.o
       138          0          0          0          0         80   lludiv10.o
        16          4          0          0          0         76   rt_ctype_table.o
         8          4          0          0          0         68   rt_locale_intlibspace.o
         2          0          0          0          0          0   rtexit.o
        10          0          0          0          0          0   rtexit2.o
        44          6          0          0          0         84   sprintf.o
       124          0          0          0          0         88   strcmpv7em.o
        12          4          0          0          0         68   sys_exit.o
        74          0          0          0          0         80   sys_stackheap_outer.o
         2          0          0          0          0         68   use_no_semi.o
        26          0          0          0          0        116   fpinit.o
         4          0          0          0          0        116   printf1.o
         4          0          0          0          0        116   printf2.o
         0          0          0          0          0          0   usenofp.o
        48          0          0          0          0        124   fpclassify.o

    ----------------------------------------------------------------------
      6848        266        552          0         96       4324   Library Totals
        20          0          1          0          0          0   (incl. Padding)

    ----------------------------------------------------------------------

      Code (inc. data)   RO Data    RW Data    ZI Data      Debug   Library Name

      6746        266        551          0         96       3852   c_w.l
        34          0          0          0          0        348   fz_wm.l
        48          0          0          0          0        124   m_wm.l

    ----------------------------------------------------------------------
      6848        266        552          0         96       4324   Library Totals

    ----------------------------------------------------------------------

==============================================================================


      Code (inc. data)   RO Data    RW Data    ZI Data      Debug   

     12076        288       1544          8       3688      36046   Grand Totals
     12076        288       1544          8       3688      36046   ELF Image Totals
     12076        288       1544          8          0          0   ROM Totals

==============================================================================

    Total RO  Size (Code + RO Data)                13620 (  13.30kB)
    Total RW  Size (RW Data + ZI Data)              3696 (   3.61kB)
    Total ROM Size (Code + RO Data + RW Data)      13628 (  13.31kB)

==============================================================================

